
> property-management-api@1.0.0 test
> jest

Γùç injected env (2) from .env.test // tip: Γîÿ suppress logs { quiet: true }
Jest global setup: running prisma migrate reset for test DB
node.exe : Loaded Prisma config from prisma.config.ts.
At line:1 char:1
+ & "C:\nvm4w\nodejs/node.exe" "C:\nvm4w\nodejs/node_modules/npm/bin/np ...
+ ~~~~~~~~~~~~~~~~~~~~~~~~~~~~~~~~~~~~~~~~~~~~~~~~~~~~~~~~~~~~~~~~~~~~~
    + CategoryInfo          : NotSpecified: (Loaded Prisma c...isma.config.ts.:String) [], RemoteException
    + FullyQualifiedErrorId : NativeCommandError
 


Prisma config detected, skipping environment variable loading.

Prisma schema loaded from prisma\schema.prisma
Datasource "db": PostgreSQL database "property_management_test", schema "public" at "localhost:5432"

Applying migration `20260617191143_init`
Applying migration `20260617195257_add_user`
Applying migration `20260623181016_add_payment_provider_fields`
Applying migration `20260623192949_enterprise_multitenant_schema`
Applying migration `20260625_phase1_foundation`
Applying migration `20260625200330_add_auth_tokens`
Applying migration `20260626_add_shared_infrastructure`
Applying migration `20260626073754_add_organization_settings_branding_preferences`
Applying migration `20260626095000_add_organization_module_fields`

Database reset successful

The following migration(s) have been applied:

migrations/
  ΓööΓöÇ 20260617191143_init/
    ΓööΓöÇ migration.sql
  ΓööΓöÇ 20260617195257_add_user/
    ΓööΓöÇ migration.sql
  ΓööΓöÇ 20260623181016_add_payment_provider_fields/
    ΓööΓöÇ migration.sql
  ΓööΓöÇ 20260623192949_enterprise_multitenant_schema/
    ΓööΓöÇ migration.sql
  ΓööΓöÇ 20260625_phase1_foundation/
    ΓööΓöÇ migration.sql
  ΓööΓöÇ 20260625200330_add_auth_tokens/
    ΓööΓöÇ migration.sql
  ΓööΓöÇ 20260626_add_shared_infrastructure/
    ΓööΓöÇ migration.sql
  ΓööΓöÇ 20260626073754_add_organization_settings_branding_preferences/
    ΓööΓöÇ migration.sql
  ΓööΓöÇ 20260626095000_add_organization_module_fields/
    ΓööΓöÇ migration.sql

Running generate... (Use --skip-generate to skip the generators)
[2K[1A[2K[GRunning generate... - Prisma Client
[2K[1A[2K[GΓ£ö Generated Prisma Client (v6.19.3) to .\node_modules\@prisma\client in 411ms

Loaded Prisma config from prisma.config.ts.


Prisma config detected, skipping environment variable loading.

Prisma schema loaded from prisma\schema.prisma

Γ£ö Generated Prisma Client (v6.19.3) to .\node_modules\@prisma\client in 412ms

Start by importing your Prisma Client (See: https://pris.ly/d/importing-client)

Tip: Need your database queries to be 1000x faster? Accelerate offers you that and more: https://pris.ly/tip-2-accelerate

PASS src/middleware/__tests__/auth.middleware.test.ts (18.027 s)

  ΓùÅ Console

    console.log
      Γùç injected env (0) from .env.test // tip: Γîÿ suppress logs { quiet: true }

      at _log (node_modules/dotenv/lib/main.js:131:11)

    console.warn
      {"timestamp":"2026-06-26T07:51:30.360Z","level":"WARN","message":"Missing or invalid authorization 
header"}

    [0m [90m 72 |[39m         [36mbreak[39m[33m;[39m
     [90m 73 |[39m       [36mcase[39m [33mLogLevel[39m[33m.[39m[33mWARN[39m[33m:[39m
    [31m[1m>[22m[39m[90m 74 |[39m         console[33m.[39mwarn(formattedLog)[33m;[39m
     [90m    |[39m                 [31m[1m^[22m[39m
     [90m 75 |[39m         [36mbreak[39m[33m;[39m
     [90m 76 |[39m       [36mdefault[39m[33m:[39m
     [90m 77 |[39m         console[33m.[39mlog(formattedLog)[33m;[39m[0m

      at Logger.log (src/utils/logger.ts:74:17)
      at Logger.warn (src/utils/logger.ts:90:10)
      at requireAuth (src/middleware/auth.middleware.ts:36:14)
      at Object.<anonymous> (src/middleware/__tests__/auth.middleware.test.ts:44:18)

    console.warn
      {"timestamp":"2026-06-26T07:51:30.425Z","level":"WARN","message":"Authentication 
failed","data":{"error":"Authorization header missing or invalid"}}

    [0m [90m 72 |[39m         [36mbreak[39m[33m;[39m
     [90m 73 |[39m       [36mcase[39m [33mLogLevel[39m[33m.[39m[33mWARN[39m[33m:[39m
    [31m[1m>[22m[39m[90m 74 |[39m         console[33m.[39mwarn(formattedLog)[33m;[39m
     [90m    |[39m                 [31m[1m^[22m[39m
     [90m 75 |[39m         [36mbreak[39m[33m;[39m
     [90m 76 |[39m       [36mdefault[39m[33m:[39m
     [90m 77 |[39m         console[33m.[39mlog(formattedLog)[33m;[39m[0m

      at Logger.log (src/utils/logger.ts:74:17)
      at Logger.warn (src/utils/logger.ts:90:10)
      at requireAuth (src/middleware/auth.middleware.ts:57:12)
      at Object.<anonymous> (src/middleware/__tests__/auth.middleware.test.ts:44:18)

    console.warn
      {"timestamp":"2026-06-26T07:51:30.430Z","level":"WARN","message":"Authentication 
failed","data":{"error":"jwt malformed"}}

    [0m [90m 72 |[39m         [36mbreak[39m[33m;[39m
     [90m 73 |[39m       [36mcase[39m [33mLogLevel[39m[33m.[39m[33mWARN[39m[33m:[39m
    [31m[1m>[22m[39m[90m 74 |[39m         console[33m.[39mwarn(formattedLog)[33m;[39m
     [90m    |[39m                 [31m[1m^[22m[39m
     [90m 75 |[39m         [36mbreak[39m[33m;[39m
     [90m 76 |[39m       [36mdefault[39m[33m:[39m
     [90m 77 |[39m         console[33m.[39mlog(formattedLog)[33m;[39m[0m

      at Logger.log (src/utils/logger.ts:74:17)
      at Logger.warn (src/utils/logger.ts:90:10)
      at requireAuth (src/middleware/auth.middleware.ts:57:12)
      at Object.<anonymous> (src/middleware/__tests__/auth.middleware.test.ts:55:18)


PASS src/middleware/__tests__/authorization.middleware.test.ts

  ΓùÅ Console

    console.log
      Γùç injected env (0) from .env.test // tip: Γùê secrets for agents [www.dotenvx.com]

      at _log (node_modules/dotenv/lib/main.js:131:11)

    console.warn
      {"timestamp":"2026-06-26T07:51:30.774Z","level":"WARN","message":"Role authorization 
failed","data":{"error":"User context not found"}}

    [0m [90m 72 |[39m         [36mbreak[39m[33m;[39m
     [90m 73 |[39m       [36mcase[39m [33mLogLevel[39m[33m.[39m[33mWARN[39m[33m:[39m
    [31m[1m>[22m[39m[90m 74 |[39m         console[33m.[39mwarn(formattedLog)[33m;[39m
     [90m    |[39m                 [31m[1m^[22m[39m
     [90m 75 |[39m         [36mbreak[39m[33m;[39m
     [90m 76 |[39m       [36mdefault[39m[33m:[39m
     [90m 77 |[39m         console[33m.[39mlog(formattedLog)[33m;[39m[0m

      at Logger.log (src/utils/logger.ts:74:17)
      at Logger.warn (src/utils/logger.ts:90:10)
      at src/middleware/authorization.middleware.ts:43:14
      at Object.<anonymous> (src/middleware/__tests__/authorization.middleware.test.ts:49:7)

    console.warn
      {"timestamp":"2026-06-26T07:51:30.807Z","level":"WARN","message":"Permission authorization 
failed","data":{"error":"User context not found"}}

    [0m [90m 72 |[39m         [36mbreak[39m[33m;[39m
     [90m 73 |[39m       [36mcase[39m [33mLogLevel[39m[33m.[39m[33mWARN[39m[33m:[39m
    [31m[1m>[22m[39m[90m 74 |[39m         console[33m.[39mwarn(formattedLog)[33m;[39m
     [90m    |[39m                 [31m[1m^[22m[39m
     [90m 75 |[39m         [36mbreak[39m[33m;[39m
     [90m 76 |[39m       [36mdefault[39m[33m:[39m
     [90m 77 |[39m         console[33m.[39mlog(formattedLog)[33m;[39m[0m

      at Logger.log (src/utils/logger.ts:74:17)
      at Logger.warn (src/utils/logger.ts:90:10)
      at src/middleware/authorization.middleware.ts:73:14
      at Object.<anonymous> (src/middleware/__tests__/authorization.middleware.test.ts:64:7)

    console.warn
      {"timestamp":"2026-06-26T07:51:30.814Z","level":"WARN","message":"Cross-organization access 
attempt","data":{"userId":"test-user-123","userOrgId":"test-org-123","requestedOrgId":"different-org-456"}}

    [0m [90m 72 |[39m         [36mbreak[39m[33m;[39m
     [90m 73 |[39m       [36mcase[39m [33mLogLevel[39m[33m.[39m[33mWARN[39m[33m:[39m
    [31m[1m>[22m[39m[90m 74 |[39m         console[33m.[39mwarn(formattedLog)[33m;[39m
     [90m    |[39m                 [31m[1m^[22m[39m
     [90m 75 |[39m         [36mbreak[39m[33m;[39m
     [90m 76 |[39m       [36mdefault[39m[33m:[39m
     [90m 77 |[39m         console[33m.[39mlog(formattedLog)[33m;[39m[0m

      at Logger.log (src/utils/logger.ts:74:17)
      at Logger.warn (src/utils/logger.ts:90:10)
      at src/middleware/authorization.middleware.ts:99:16
      at Object.<anonymous> (src/middleware/__tests__/authorization.middleware.test.ts:80:7)

    console.warn
      {"timestamp":"2026-06-26T07:51:30.815Z","level":"WARN","message":"Organization ownership check 
failed","data":{"error":"Access denied for requested organization"}}

    [0m [90m 72 |[39m         [36mbreak[39m[33m;[39m
     [90m 73 |[39m       [36mcase[39m [33mLogLevel[39m[33m.[39m[33mWARN[39m[33m:[39m
    [31m[1m>[22m[39m[90m 74 |[39m         console[33m.[39mwarn(formattedLog)[33m;[39m
     [90m    |[39m                 [31m[1m^[22m[39m
     [90m 75 |[39m         [36mbreak[39m[33m;[39m
     [90m 76 |[39m       [36mdefault[39m[33m:[39m
     [90m 77 |[39m         console[33m.[39mlog(formattedLog)[33m;[39m[0m

      at Logger.log (src/utils/logger.ts:74:17)
      at Logger.warn (src/utils/logger.ts:90:10)
      at src/middleware/authorization.middleware.ts:110:14
      at Object.<anonymous> (src/middleware/__tests__/authorization.middleware.test.ts:80:7)

    console.warn
      {"timestamp":"2026-06-26T07:51:30.818Z","level":"WARN","message":"Organization ownership check 
failed","data":{"error":"Organization ID paramet
er 'organizationId' not found"}}

    [0m [90m 72 |[39m         [36mbreak[39m[33m;[39m
     [90m 73 |[39m       [36mcase[39m [33mLogLevel[39m[33m.[39m[33mWARN[39m[33m:[39m
    [31m[1m>[22m[39m[90m 74 |[39m         console[33m.[39mwarn(formattedLog)[33m;[39m
     [90m    |[39m                 [31m[1m^[22m[39m
     [90m 75 |[39m         [36mbreak[39m[33m;[39m
     [90m 76 |[39m       [36mdefault[39m[33m:[39m
     [90m 77 |[39m         console[33m.[39mlog(formattedLog)[33m;[39m[0m

      at Logger.log (src/utils/logger.ts:74:17)
      at Logger.warn (src/utils/logger.ts:90:10)
      at src/middleware/authorization.middleware.ts:110:14
      at Object.<anonymous> (src/middleware/__tests__/authorization.middleware.test.ts:87:7)

    console.warn
      {"timestamp":"2026-06-26T07:51:30.827Z","level":"WARN","message":"Resource ownership check 
failed","data":{"error":"User context not found"}}

    [0m [90m 72 |[39m         [36mbreak[39m[33m;[39m
     [90m 73 |[39m       [36mcase[39m [33mLogLevel[39m[33m.[39m[33mWARN[39m[33m:[39m
    [31m[1m>[22m[39m[90m 74 |[39m         console[33m.[39mwarn(formattedLog)[33m;[39m
     [90m    |[39m                 [31m[1m^[22m[39m
     [90m 75 |[39m         [36mbreak[39m[33m;[39m
     [90m 76 |[39m       [36mdefault[39m[33m:[39m
     [90m 77 |[39m         console[33m.[39mlog(formattedLog)[33m;[39m[0m

      at Logger.log (src/utils/logger.ts:74:17)
      at Logger.warn (src/utils/logger.ts:90:10)
      at src/middleware/authorization.middleware.ts:139:14
      at Object.<anonymous> (src/middleware/__tests__/authorization.middleware.test.ts:109:7)


PASS src/services/payments/__tests__/payment.service.test.ts (19.153 s)

  ΓùÅ Console

    console.log
      Γùç injected env (0) from .env.test // tip: Γîÿ multiple files { path: ['.env.local', '.env'] }

      at _log (node_modules/dotenv/lib/main.js:131:11)


PASS src/shared/core/response/__tests__/api.response.test.ts

  ΓùÅ Console

    console.log
      Γùç injected env (0) from .env.test // tip: Γîÿ enable debugging { debug: true }

      at _log (node_modules/dotenv/lib/main.js:131:11)


PASS src/utils/__tests__/errors.test.ts

  ΓùÅ Console

    console.log
      Γùç injected env (0) from .env.test // tip: Γîÿ custom filepath { path: '/custom/path/.env' }

      at _log (node_modules/dotenv/lib/main.js:131:11)


FAIL src/__tests__/e2e/organization.e2e.test.ts (28.75 s)

  ΓùÅ Console

    console.log
      Γùç injected env (0) from .env.test // tip: Γîü auth for agents [www.vestauth.com]

      at _log (node_modules/dotenv/lib/main.js:131:11)

    console.log
      Γùç injected env (0) from .env.test // tip: Γîÿ override existing { override: true }

      at _log (node_modules/dotenv/lib/main.js:131:11)

    console.log
      {"timestamp":"2026-06-26T07:51:38.908Z","level":"INFO","message":"Organization created 
successfully","data":{"organizationId":"95902776-5afb-4a27-8dfb-b8a48886a478"}}

      at Logger.log (src/utils/logger.ts:77:17)

    console.log
      {"timestamp":"2026-06-26T07:51:39.128Z","level":"INFO","message":"Creating new user and 
organization","data":{"email":"org-admin-1782460298506@example.com","organizationName":"Primary Org 
1782460298506"}}

      at Logger.log (src/utils/logger.ts:77:17)

    console.log
      {"timestamp":"2026-06-26T07:51:39.177Z","level":"INFO","message":"User registered successfully","data":{
"userId":"cc296844-0de5-4819-b0ea-b89ab4e9e628","organizationId":"40256231-e232-48a5-acb9-444a6ba55d24"}}

      at Logger.log (src/utils/logger.ts:77:17)

    console.log
      {"timestamp":"2026-06-26T07:51:39.318Z","level":"INFO","message":"Creating new user and 
organization","data":{"email":"org-admin-secondary-1782460298506@example.com","organizationName":"Secondary 
Org 1782460298506"}}

      at Logger.log (src/utils/logger.ts:77:17)

    console.log
      {"timestamp":"2026-06-26T07:51:39.343Z","level":"INFO","message":"User registered successfully","data":{
"userId":"90ca23cc-53a1-4941-be80-f9c0bc217ed6","organizationId":"a900c4ab-92b9-48ee-97f0-8d86d1748114"}}

      at Logger.log (src/utils/logger.ts:77:17)

    console.log
      {"timestamp":"2026-06-26T07:51:39.509Z","level":"INFO","message":"User logged in 
successfully","data":{"userId":"cc296844-0de5-4819-b0ea-b89ab4e9e628"}}

      at Logger.log (src/utils/logger.ts:77:17)

    console.log
      {"timestamp":"2026-06-26T07:51:39.675Z","level":"INFO","message":"User logged in 
successfully","data":{"userId":"90ca23cc-53a1-4941-be80-f9c0bc217ed6"}}

      at Logger.log (src/utils/logger.ts:77:17)

    console.error
      {"timestamp":"2026-06-26T07:51:39.954Z","level":"ERROR","message":"Request 
error","error":{"message":"Access denied for requested organization","stack":"ForbiddenError: Access denied 
for requested organization\n    at OrganizationService.ensureOrganizationIsolation 
(D:\\property\\property-management-api\\src\\services\\organization.service.ts:220:13)\n    at 
OrganizationService.getOrganization 
(D:\\property\\property-management-api\\src\\services\\organization.service.ts:82:10)\n    at getOrganization 
(D:\\property\\property-management-api\\src\\controllers\\organization.controller.ts:111:52)\n    at 
Layer.handleRequest (D:\\property\\property-management-api\\node_modules\\router\\lib\\layer.js:152:17)\n    
at next (D:\\property\\property-management-api\\node_modules\\router\\lib\\route.js:157:13)\n    at 
D:\\property\\property-management-api\\src\\utils\\validation.ts:60:5\n    at Layer.handleRequest 
(D:\\property\\property-management-api\\node_modules\\router\\lib\\layer.js:152:17)\n    at next 
(D:\\property\\property-management-api\\node_modules\\router\\lib\\route.js:157:13)\n    at Route.dispatch 
(D:\\property\\property-management-api\\node_modules\\router\\lib\\route.js:117:3)\n    at handle 
(D:\\property\\property-management-api\\node_modules\\router\\index.js:435:11)\n    at Layer.handleRequest 
(D:\\property\\property-management-api\\node_modules\\router\\lib\\layer.js:152:17)\n    at 
D:\\property\\property-management-api\\node_modules\\router\\index.js:295:15\n    at param 
(D:\\property\\property-management-api\\node_modules\\router\\index.js:600:14)\n    at param 
(D:\\property\\property-management-api\\node_modules\\router\\index.js:610:14)\n    at processParams 
(D:\\property\\property-management-api\\node_modules\\router\\index.js:664:3)\n    at next 
(D:\\property\\property-management-api\\node_modules\\router\\index.js:291:5)\n    at requireAuth 
(D:\\property\\propert
y-management-api\\src\\middleware\\auth.middleware.ts:54:5)\n    at Layer.handleRequest 
(D:\\property\\property-management-api\\node_modules\\router\\lib\\layer.js:152:17)\n    at trimPrefix 
(D:\\property\\property-management-api\\node_modules\\router\\index.js:342:13)\n    at 
D:\\property\\property-management-api\\node_modules\\router\\index.js:297:9\n    at processParams 
(D:\\property\\property-management-api\\node_modules\\router\\index.js:582:12)\n    at next 
(D:\\property\\property-management-api\\node_modules\\router\\index.js:291:5)\n    at Function.handle 
(D:\\property\\property-management-api\\node_modules\\router\\index.js:186:3)\n    at router 
(D:\\property\\property-management-api\\node_modules\\router\\index.js:60:12)\n    at Layer.handleRequest 
(D:\\property\\property-management-api\\node_modules\\router\\lib\\layer.js:152:17)\n    at trimPrefix 
(D:\\property\\property-management-api\\node_modules\\router\\index.js:342:13)\n    at 
D:\\property\\property-management-api\\node_modules\\router\\index.js:297:9\n    at processParams 
(D:\\property\\property-management-api\\node_modules\\router\\index.js:582:12)\n    at next 
(D:\\property\\property-management-api\\node_modules\\router\\index.js:291:5)\n    at Function.handle 
(D:\\property\\property-management-api\\node_modules\\router\\index.js:186:3)\n    at router 
(D:\\property\\property-management-api\\node_modules\\router\\index.js:60:12)\n    at Layer.handleRequest 
(D:\\property\\property-management-api\\node_modules\\router\\lib\\layer.js:152:17)\n    at trimPrefix 
(D:\\property\\property-management-api\\node_modules\\router\\index.js:342:13)\n    at 
D:\\property\\property-management-api\\node_modules\\router\\index.js:297:9\n    at processParams 
(D:\\property\\property-management-api\\node_modules\\router\\index.js:582:12)\n    at next 
(D:\\property\\property-management-api\\node_modules\\router\\index.js:291:5)\n    at 
D:\\property\\property-management-api\\src\\app.ts:42:3\n    at Layer.handleRequest 
(D:\\property\\property-management-api\\node_modules\\router\\lib\\layer.js:152:17)\n    at trimPrefix 
(D:\\property\\property-management-api\\node_modules\\router\\index.js:342:13)\n    at 
D:\\property\\property-management-api\\node_modules\\router\\index.js:297:9\n    at processParams 
(D:\\property\\property-management-api\\node_modules\\router\\index.js:582:12)\n    at next 
(D:\\property\\property-management-api\\node_modules\\router\\index.js:291:5)\n    at 
D:\\property\\property-management-api\\node_modules\\express-rate-limit\\dist\\index.cjs:889:9\n    at 
processTicksAndRejections (node:internal/process/task_queues:105:5)\n    at 
D:\\property\\property-management-api\\node_modules\\express-rate-limit\\dist\\index.cjs:854:5"}}

    [0m [90m 69 |[39m     [36mswitch[39m (level) {
     [90m 70 |[39m       [36mcase[39m [33mLogLevel[39m[33m.[39m[33mERROR[39m[33m:[39m
    [31m[1m>[22m[39m[90m 71 |[39m         console[33m.[39merror(formattedLog)[33m;[39m
     [90m    |[39m                 [31m[1m^[22m[39m
     [90m 72 |[39m         [36mbreak[39m[33m;[39m
     [90m 73 |[39m       [36mcase[39m [33mLogLevel[39m[33m.[39m[33mWARN[39m[33m:[39m
     [90m 74 |[39m         console[33m.[39mwarn(formattedLog)[33m;[39m[0m

      at Logger.log (src/utils/logger.ts:71:17)
      at Logger.error (src/utils/logger.ts:94:10)
      at globalErrorHandler (src/middleware/errorHandler.ts:26:10)
      at Layer.handleError (node_modules/router/lib/layer.js:116:17)
      at trimPrefix (node_modules/router/index.js:340:13)
      at node_modules/router/index.js:297:9
      at processParams (node_modules/router/index.js:582:12)
      at next (node_modules/router/index.js:291:5)
      at Layer.handleError (node_modules/router/lib/layer.js:111:12)
      at trimPrefix (node_modules/router/index.js:340:13)
      at node_modules/router/index.js:297:9
      at processParams (node_modules/router/index.js:582:12)
      at Immediate.next (node_modules/router/index.js:291:5)
      at Immediate._onImmediate (node_modules/router/index.js:688:1
5)

    console.log
      {"timestamp":"2026-06-26T07:51:39.994Z","level":"INFO","message":"Organization updated successfully","da
ta":{"organizationId":"40256231-e232-48a5-acb9-444a6ba55d24","actorUserId":"cc296844-0de5-4819-b0ea-b89ab4e9e6
28"}}

      at Logger.log (src/utils/logger.ts:77:17)

    console.warn
      {"timestamp":"2026-06-26T07:51:40.036Z","level":"WARN","message":"Organization soft deleted","data":{"or
ganizationId":"40256231-e232-48a5-acb9-444a6ba55d24","actorUserId":"cc296844-0de5-4819-b0ea-b89ab4e9e628"}}

    [0m [90m 72 |[39m         [36mbreak[39m[33m;[39m
     [90m 73 |[39m       [36mcase[39m [33mLogLevel[39m[33m.[39m[33mWARN[39m[33m:[39m
    [31m[1m>[22m[39m[90m 74 |[39m         console[33m.[39mwarn(formattedLog)[33m;[39m
     [90m    |[39m                 [31m[1m^[22m[39m
     [90m 75 |[39m         [36mbreak[39m[33m;[39m
     [90m 76 |[39m       [36mdefault[39m[33m:[39m
     [90m 77 |[39m         console[33m.[39mlog(formattedLog)[33m;[39m[0m

      at Logger.log (src/utils/logger.ts:74:17)
      at Logger.warn (src/utils/logger.ts:90:10)
      at OrganizationService.softDeleteOrganization (src/services/organization.service.ts:64:12)
      at softDeleteOrganization (src/controllers/organization.controller.ts:76:26)

    console.log
      {"timestamp":"2026-06-26T07:51:40.086Z","level":"INFO","message":"Organization restored","data":{"organi
zationId":"40256231-e232-48a5-acb9-444a6ba55d24","actorUserId":"cc296844-0de5-4819-b0ea-b89ab4e9e628"}}

      at Logger.log (src/utils/logger.ts:77:17)

    console.log
      {"timestamp":"2026-06-26T07:51:40.125Z","level":"INFO","message":"Organization settings 
retrieved","data":{"organizationId":"40256231-e232-48a5-acb9-444a6ba55d24"}}

      at Logger.log (src/utils/logger.ts:77:17)

    console.log
      {"timestamp":"2026-06-26T07:51:40.151Z","level":"INFO","message":"Organization settings updated","data":
{"organizationId":"40256231-e232-48a5-acb9-444a6ba55d24","actorUserId":"cc296844-0de5-4819-b0ea-b89ab4e9e628"}
}

      at Logger.log (src/utils/logger.ts:77:17)

    console.log
      {"timestamp":"2026-06-26T07:51:40.332Z","level":"INFO","message":"User logged in 
successfully","data":{"userId":"90ca23cc-53a1-4941-be80-f9c0bc217ed6"}}

      at Logger.log (src/utils/logger.ts:77:17)

    console.error
      {"timestamp":"2026-06-26T07:51:40.349Z","level":"ERROR","message":"Request 
error","error":{"message":"Access denied for requested organization","stack":"ForbiddenError: Access denied 
for requested organization\n    at OrganizationService.ensureOrganizationIsolation 
(D:\\property\\property-management-api\\src\\services\\organization.service.ts:220:13)\n    at 
OrganizationService.getOrganizationSettings 
(D:\\property\\property-management-api\\src\\services\\organization.service.ts:104:10)\n    at 
getOrganizationSettings 
(D:\\property\\property-management-api\\src\\controllers\\organization.controller.ts:147:48)\n    at 
Layer.handleRequest (D:\\property\\property-management-api\\node_modules\\router\\lib\\layer.js:152:17)\n    
at next (D:\\property\\property-management-api\\node_modules\\router\\lib\\route.js:157:13)\n    at 
D:\\property\\property-management-api\\src\\utils\\validation.ts:60:5\n    at Layer.handleRequest 
(D:\\property\\property-management-api\\node_modules\\router\\lib\\layer.js:152:17)\n    at next 
(D:\\property\\property-management-api\\node_modules\\router\\lib\\route.js:157:13)\n    at Route.dispatch 
(D:\\property\\property-management-api\\node_modules\\router\\lib\\route.js:117:3)\n    at handle 
(D:\\property\\property-management-api\\node_modules\\router\\index.js:435:11)\n    at Layer.handleRequest 
(D:\\property\\property-management-api\\node_modules\\router\\lib\\layer.js:152:17)\n    at 
D:\\property\\property-management-api\\node_modules\\router\\index.js:295:15\n    at param 
(D:\\property\\property-management-api\\node_modules\\router\\index.js:600:14)\n    at param 
(D:\\property\\property-management-api\\node_modules\\router\\index.js:610:14)\n    at processParams 
(D:\\prope
rty\\property-management-api\\node_modules\\router\\index.js:664:3)\n    at next 
(D:\\property\\property-management-api\\node_modules\\router\\index.js:291:5)\n    at requireAuth 
(D:\\property\\property-management-api\\src\\middleware\\auth.middleware.ts:54:5)\n    at Layer.handleRequest 
(D:\\property\\property-management-api\\node_modules\\router\\lib\\layer.js:152:17)\n    at trimPrefix 
(D:\\property\\property-management-api\\node_modules\\router\\index.js:342:13)\n    at 
D:\\property\\property-management-api\\node_modules\\router\\index.js:297:9\n    at processParams 
(D:\\property\\property-management-api\\node_modules\\router\\index.js:582:12)\n    at next 
(D:\\property\\property-management-api\\node_modules\\router\\index.js:291:5)\n    at Function.handle 
(D:\\property\\property-management-api\\node_modules\\router\\index.js:186:3)\n    at router 
(D:\\property\\property-management-api\\node_modules\\router\\index.js:60:12)\n    at Layer.handleRequest 
(D:\\property\\property-management-api\\node_modules\\router\\lib\\layer.js:152:17)\n    at trimPrefix 
(D:\\property\\property-management-api\\node_modules\\router\\index.js:342:13)\n    at 
D:\\property\\property-management-api\\node_modules\\router\\index.js:297:9\n    at processParams 
(D:\\property\\property-management-api\\node_modules\\router\\index.js:582:12)\n    at next 
(D:\\property\\property-management-api\\node_modules\\router\\index.js:291:5)\n    at Function.handle 
(D:\\property\\property-management-api\\node_modules\\router\\index.js:186:3)\n    at router 
(D:\\property\\property-management-api\\node_modules\\router\\index.js:60:12)\n    at Layer.handleRequest 
(D:\\property\\property-management-api\\node_modules\\router\\lib\\layer.js:152:17)\n    at trimPrefix 
(D:\\property\\property-management-api\\node_modules\\router\\index.js:342:13)\n    at 
D:\\property\\property-management-api\\node_modules\\router\\index.js:297:9\n    at processParams 
(D:\\property\\property-management-api\\node_modules\\router\\index.js:582:12)\n    at next 
(D:\\property\\property-management-api\\node_modules\\router\\index.js:291:5)\n    at 
D:\\property\\property-management-api\\src\\app.ts:42:3\n    at Layer.handleRequest 
(D:\\property\\property-management-api\\node_modules\\router\\lib\\layer.js:152:17)\n    at trimPrefix 
(D:\\property\\property-management-api\\node_modules\\router\\index.js:342:13)\n    at 
D:\\property\\property-management-api\\node_modules\\router\\index.js:297:9\n    at processParams 
(D:\\property\\property-management-api\\node_modules\\router\\index.js:582:12)\n    at next 
(D:\\property\\property-management-api\\node_modules\\router\\index.js:291:5)\n    at 
D:\\property\\property-management-api\\node_modules\\express-rate-limit\\dist\\index.cjs:889:9\n    at 
processTicksAndRejections (node:internal/process/task_queues:105:5)\n    at 
D:\\property\\property-management-api\\node_modules\\express-rate-limit\\dist\\index.cjs:854:5"}}

    [0m [90m 69 |[39m     [36mswitch[39m (level) {
     [90m 70 |[39m       [36mcase[39m [33mLogLevel[39m[33m.[39m[33mERROR[39m[33m:[39m
    [31m[1m>[22m[39m[90m 71 |[39m         console[33m.[39merror(formattedLog)[33m;[39m
     [90m    |[39m                 [31m[1m^[22m[39m
     [90m 72 |[39m         [36mbreak[39m[33m;[39m
     [90m 73 |[39m       [36mcase[39m [33mLogLevel[39m[33m.[39m[33mWARN[39m[33m:[39m
     [90m 74 |[39m         console[33m.[39mwarn(formattedLog)[33m;[39m[0m

      at Logger.log (src/utils/logger.ts:71:17)
      at Logger.error (src/utils/logger.ts:94:10)
      at globalErrorHandler (src/middleware/errorHandler.ts:26:10)
      at Layer.handleError (node_modules/router/lib/layer.js:116:17)
      at trimPrefix (node_modules/router/index.js:340:13)
      at node_modules/router/index.js:297:9
      at processParams (node_modules/router/index.js:582:12)
      at next (node_modules/router/index.js:291:5)
      at Layer.handleError (node_modules/router/lib/layer.js:111:12)
      at trimPrefix (node_modules/router/index.js:340:13)
      at node_modules/router/ind
ex.js:297:9
      at processParams (node_modules/router/index.js:582:12)
      at Immediate.next (node_modules/router/index.js:291:5)
      at Immediate._onImmediate (node_modules/router/index.js:688:15)

    console.warn
      {"timestamp":"2026-06-26T07:51:40.363Z","level":"WARN","message":"Missing or invalid authorization 
header"}

    [0m [90m 72 |[39m         [36mbreak[39m[33m;[39m
     [90m 73 |[39m       [36mcase[39m [33mLogLevel[39m[33m.[39m[33mWARN[39m[33m:[39m
    [31m[1m>[22m[39m[90m 74 |[39m         console[33m.[39mwarn(formattedLog)[33m;[39m
     [90m    |[39m                 [31m[1m^[22m[39m
     [90m 75 |[39m         [36mbreak[39m[33m;[39m
     [90m 76 |[39m       [36mdefault[39m[33m:[39m
     [90m 77 |[39m         console[33m.[39mlog(formattedLog)[33m;[39m[0m

      at Logger.log (src/utils/logger.ts:74:17)
      at Logger.warn (src/utils/logger.ts:90:10)
      at requireAuth (src/middleware/auth.middleware.ts:36:14)
      at Layer.handleRequest (node_modules/router/lib/layer.js:152:17)
      at trimPrefix (node_modules/router/index.js:342:13)
      at node_modules/router/index.js:297:9
      at processParams (node_modules/router/index.js:582:12)
      at next (node_modules/router/index.js:291:5)
      at Function.handle (node_modules/router/index.js:186:3)
      at router (node_modules/router/index.js:60:12)
      at Layer.handleRequest (node_modules/router/lib/layer.js:152:17)
      at trimPrefix (node_modules/router/index.js:342:13)
      at node_modules/router/index.js:297:9
      at processParams (node_modules/router/index.js:582:12)
      at next (node_modules/router/index.js:291:5)
      at Function.handle (node_modules/router/index.js:186:3)
      at router (node_modules/router/index.js:60:12)
      at Layer.handleRequest (node_modules/router/lib/layer.js:152:17)
      at trimPrefix (node_modules/router/index.js:342:13)
      at node_modules/router/index.js:297:9
      at processParams (node_modules/router/index.js:582:12)
      at next (node_modules/router/index.js:291:5)
      at src/app.ts:42:3
      at Layer.handleRequest (node_modules/router/lib/layer.js:152:17)
      at trimPrefix (node_modules/router/index.js:342:13)
      at node_modules/router/index.js:297:9
      at processParams (node_modules/router/index.js:582:12)
      at next (node_modules/router/index.js:291:5)
      at node_modules/express-rate-limit/dist/index.cjs:889:9
      at node_modules/express-rate-limit/dist/index.cjs:854:5

    console.warn
      {"timestamp":"2026-06-26T07:51:40.367Z","level":"WARN","message":"Authentication 
failed","data":{"error":"Authorization header missing or invalid"}}

    [0m [90m 72 |[39m         [36mbreak[39m[33m;[39m
     [90m 73 |[39m       [36mcase[39m [33mLogLevel[39m[33m.[39m[33mWARN[39m[33m:[39m
    [31m[1m>[22m[39m[90m 74 |[39m         console[33m.[39mwarn(formattedLog)[33m;[39m
     [90m    |[39m                 [31m[1m^[22m[39m
     [90m 75 |[39m         [36mbreak[39m[33m;[39m
     [90m 76 |[39m       [36mdefault[39m[33m:[39m
     [90m 77 |[39m         console[33m.[39mlog(formattedLog)[33m;[39m[0m

      at Logger.log (src/utils/logger.ts:74:17)
      at Logger.warn (src/utils/logger.ts:90:10)
      at requireAuth (src/middleware/auth.middleware.ts:57:12)
      at Layer.handleRequest (node_modules/router/lib/layer.js:152:17)
      at trimPrefix (node_modules/router/index.js:342:13)
      at node_modules/router/index.js:297:9
      at processParams (node_modules/router/index.js:582:12)
      at next (node_modules/router/index.js:291:5)
      at Function.handle (node_modules/router/index.js:186:3)
      at router (node_modules/router/index.js:60:12)
      at Layer.handleRequest (node_modules/router/lib/layer.js:152:17)
      at trimPrefix (node_modules/router/index.js:342:13)
      at node_modules/router/index.js:297:9
      at processParams (node_modules/router/index.js:582:12)
      at next (node_modules/router/index.js:291:5)
      at Function.handle (node_modules/router/index.j
s:186:3)
      at router (node_modules/router/index.js:60:12)
      at Layer.handleRequest (node_modules/router/lib/layer.js:152:17)
      at trimPrefix (node_modules/router/index.js:342:13)
      at node_modules/router/index.js:297:9
      at processParams (node_modules/router/index.js:582:12)
      at next (node_modules/router/index.js:291:5)
      at src/app.ts:42:3
      at Layer.handleRequest (node_modules/router/lib/layer.js:152:17)
      at trimPrefix (node_modules/router/index.js:342:13)
      at node_modules/router/index.js:297:9
      at processParams (node_modules/router/index.js:582:12)
      at next (node_modules/router/index.js:291:5)
      at node_modules/express-rate-limit/dist/index.cjs:889:9
      at node_modules/express-rate-limit/dist/index.cjs:854:5

    console.error
      {"timestamp":"2026-06-26T07:51:40.394Z","level":"ERROR","message":"Request 
error","error":{"message":"Validation failed","stack":"ValidationError: Validation failed\n    at 
D:\\property\\property-management-api\\src\\utils\\validation.ts:57:13\n    at Layer.handleRequest 
(D:\\property\\property-management-api\\node_modules\\router\\lib\\layer.js:152:17)\n    at next 
(D:\\property\\property-management-api\\node_modules\\router\\lib\\route.js:157:13)\n    at Route.dispatch 
(D:\\property\\property-management-api\\node_modules\\router\\lib\\route.js:117:3)\n    at handle 
(D:\\property\\property-management-api\\node_modules\\router\\index.js:435:11)\n    at Layer.handleRequest 
(D:\\property\\property-management-api\\node_modules\\router\\lib\\layer.js:152:17)\n    at 
D:\\property\\property-management-api\\node_modules\\router\\index.js:295:15\n    at param 
(D:\\property\\property-management-api\\node_modules\\router\\index.js:600:14)\n    at param 
(D:\\property\\property-management-api\\node_modules\\router\\index.js:610:14)\n    at processParams 
(D:\\property\\property-management-api\\node_modules\\router\\index.js:664:3)\n    at next 
(D:\\property\\property-management-api\\node_modules\\router\\index.js:291:5)\n    at requireAuth 
(D:\\property\\property-management-api\\src\\middleware\\auth.middleware.ts:54:5)\n    at Layer.handleRequest 
(D:\\property\\property-management-api\\node_modules\\router\\lib\\layer.js:152:17)\n    at trimPrefix 
(D:\\property\\property-management-api\\node_modules\\router\\index.js:342:13)\n    at 
D:\\property\\property-management-api\\node_modules\\router\\index.js:297:9\n    at processParams 
(D:\\property\\property-management-api\\node_modules\\router\\index.js:582:12)\n    at next 
(D:\\property\\property-management-api\\node_modules\\router\\index.js:291:5)\n    at Function.handle 
(D:\\property\\property-management-api\\node_modules\\router\\index.js:186:3)\n    at router 
(D:\\property\\property-management-api\\node_modules\\router\\index.js:60:12)\n    at Layer.handleRequest 
(D:\\property\\property-management-api\\node_modules\\router\\lib\\layer.js:152:17)\n    at trimPrefix 
(D:\\property\\property-management-api\\node_modules\\router\\index.js:342:13)\n    at 
D:\\property\\property-management-api\\node_modules\\router\\index.js:297:9\n    at processParams 
(D:\\property\\property-management-api\\node_modules\\router\\index.js:582:12)\n    at next 
(D:\\property\\property-management-api\\node_modules\\router\\index.js:291:5)\n    at Function.handle 
(D:\\property\\property-management-api\\node_modules\\router\\index.js:186:3)\n    at router 
(D:\\property\\property-management-api\\node_modules\\router\\index.js:60:12)\n    at Layer.handleRequest 
(D:\\property\\property-management-api\\node_modules\\router\\lib\\layer.js:152:17)\n    at trimPrefix 
(D:\\property\\property-management-api\\node_modules\\router\\index.js:342:13)\n    at 
D:\\property\\property-management-api\\node_modules\\router\\index.js:297:9\n    at processParams 
(D:\\property\\property-management-api\\node_modules\\router\\index.js:582:12)\n    at next 
(D:\\property\\property-management-api\\node_modules\\router\\index.js:291:5)\n    at 
D:\\property\\property-management-api\\src\\app.ts:42:3\n    at Layer.handleRequest (D:\\property\\proper
ty-management-api\\node_modules\\router\\lib\\layer.js:152:17)\n    at trimPrefix 
(D:\\property\\property-management-api\\node_modules\\router\\index.js:342:13)\n    at 
D:\\property\\property-management-api\\node_modules\\router\\index.js:297:9\n    at processParams 
(D:\\property\\property-management-api\\node_modules\\router\\index.js:582:12)\n    at next 
(D:\\property\\property-management-api\\node_modules\\router\\index.js:291:5)\n    at 
D:\\property\\property-management-api\\node_modules\\express-rate-limit\\dist\\index.cjs:889:9\n    at 
processTicksAndRejections (node:internal/process/task_queues:105:5)\n    at 
D:\\property\\property-management-api\\node_modules\\express-rate-limit\\dist\\index.cjs:854:5"}}

    [0m [90m 69 |[39m     [36mswitch[39m (level) {
     [90m 70 |[39m       [36mcase[39m [33mLogLevel[39m[33m.[39m[33mERROR[39m[33m:[39m
    [31m[1m>[22m[39m[90m 71 |[39m         console[33m.[39merror(formattedLog)[33m;[39m
     [90m    |[39m                 [31m[1m^[22m[39m
     [90m 72 |[39m         [36mbreak[39m[33m;[39m
     [90m 73 |[39m       [36mcase[39m [33mLogLevel[39m[33m.[39m[33mWARN[39m[33m:[39m
     [90m 74 |[39m         console[33m.[39mwarn(formattedLog)[33m;[39m[0m

      at Logger.log (src/utils/logger.ts:71:17)
      at Logger.error (src/utils/logger.ts:94:10)
      at globalErrorHandler (src/middleware/errorHandler.ts:26:10)
      at Layer.handleError (node_modules/router/lib/layer.js:116:17)
      at trimPrefix (node_modules/router/index.js:340:13)
      at node_modules/router/index.js:297:9
      at processParams (node_modules/router/index.js:582:12)
      at next (node_modules/router/index.js:291:5)
      at Layer.handleError (node_modules/router/lib/layer.js:111:12)
      at trimPrefix (node_modules/router/index.js:340:13)
      at node_modules/router/index.js:297:9
      at processParams (node_modules/router/index.js:582:12)
      at Immediate.next (node_modules/router/index.js:291:5)
      at Immediate._onImmediate (node_modules/router/index.js:688:15)

    console.log
      {"timestamp":"2026-06-26T07:51:40.429Z","level":"INFO","message":"Organization branding 
retrieved","data":{"organizationId":"40256231-e232-48a5-acb9-444a6ba55d24"}}

      at Logger.log (src/utils/logger.ts:77:17)

    console.log
      {"timestamp":"2026-06-26T07:51:40.483Z","level":"INFO","message":"Organization branding updated","data":
{"organizationId":"40256231-e232-48a5-acb9-444a6ba55d24","actorUserId":"cc296844-0de5-4819-b0ea-b89ab4e9e628"}
}

      at Logger.log (src/utils/logger.ts:77:17)

    console.error
      {"timestamp":"2026-06-26T07:51:40.504Z","level":"ERROR","message":"Request 
error","error":{"message":"Validation failed","stack":"ValidationError: Validation failed\n    at 
D:\\property\\property-management-api\\src\\utils\\validation.ts:57:13\n    at Layer.handleRequest 
(D:\\property\\property-management-api\\node_modules\\router\\lib\\layer.js:152:17)\n    at next 
(D:\\property\\property-management-api\\node_modules\\router\\lib\\route.js:157:13)\n    at Route.dispatch 
(D:\\property\\property-management-api\\node_modules\\router\\lib\\route.js:117:3)\n    at handle 
(D:\\property\\property-management-api\\node_modules\\router\\index.js:435:11)\n    at Layer.handleRequest 
(D:\\property\\property-management-api\\node_modules\\router\\lib\\layer.js:152:17)\n    at 
D:\\property\\property-management-api\\node_modules\\router\\index.js:295:15\n    at param 
(D:\\property\\property-management-api\\node_modules\\router\\index.js:600:14)\n    at param 
(D:\\property\\property-management-api\\node_modules\\router\\index.js:610:14)\n    at processParams 
(D:\\property\\property-management-api\\node_modules\\router\\index.js:664:3)\n    at next 
(D:\\property\\property-management-api\\node_modules\\router\\index.js:291:5)\n    at requireAuth 
(D:\\property\\property-management-api\\src\\middleware\\auth.middleware.ts:54:5)\n    at Layer.handleRequest 
(D:\\property\\property-management-api\\node_modules\\router\\lib\\layer.js:152:17)\n    at trimPrefix 
(D:\\pro
perty\\property-management-api\\node_modules\\router\\index.js:342:13)\n    at 
D:\\property\\property-management-api\\node_modules\\router\\index.js:297:9\n    at processParams 
(D:\\property\\property-management-api\\node_modules\\router\\index.js:582:12)\n    at next 
(D:\\property\\property-management-api\\node_modules\\router\\index.js:291:5)\n    at Function.handle 
(D:\\property\\property-management-api\\node_modules\\router\\index.js:186:3)\n    at router 
(D:\\property\\property-management-api\\node_modules\\router\\index.js:60:12)\n    at Layer.handleRequest 
(D:\\property\\property-management-api\\node_modules\\router\\lib\\layer.js:152:17)\n    at trimPrefix 
(D:\\property\\property-management-api\\node_modules\\router\\index.js:342:13)\n    at 
D:\\property\\property-management-api\\node_modules\\router\\index.js:297:9\n    at processParams 
(D:\\property\\property-management-api\\node_modules\\router\\index.js:582:12)\n    at next 
(D:\\property\\property-management-api\\node_modules\\router\\index.js:291:5)\n    at Function.handle 
(D:\\property\\property-management-api\\node_modules\\router\\index.js:186:3)\n    at router 
(D:\\property\\property-management-api\\node_modules\\router\\index.js:60:12)\n    at Layer.handleRequest 
(D:\\property\\property-management-api\\node_modules\\router\\lib\\layer.js:152:17)\n    at trimPrefix 
(D:\\property\\property-management-api\\node_modules\\router\\index.js:342:13)\n    at 
D:\\property\\property-management-api\\node_modules\\router\\index.js:297:9\n    at processParams 
(D:\\property\\property-management-api\\node_modules\\router\\index.js:582:12)\n    at next 
(D:\\property\\property-management-api\\node_modules\\router\\index.js:291:5)\n    at 
D:\\property\\property-management-api\\src\\app.ts:42:3\n    at Layer.handleRequest 
(D:\\property\\property-management-api\\node_modules\\router\\lib\\layer.js:152:17)\n    at trimPrefix 
(D:\\property\\property-management-api\\node_modules\\router\\index.js:342:13)\n    at 
D:\\property\\property-management-api\\node_modules\\router\\index.js:297:9\n    at processParams 
(D:\\property\\property-management-api\\node_modules\\router\\index.js:582:12)\n    at next 
(D:\\property\\property-management-api\\node_modules\\router\\index.js:291:5)\n    at 
D:\\property\\property-management-api\\node_modules\\express-rate-limit\\dist\\index.cjs:889:9\n    at 
processTicksAndRejections (node:internal/process/task_queues:105:5)\n    at 
D:\\property\\property-management-api\\node_modules\\express-rate-limit\\dist\\index.cjs:854:5"}}

    [0m [90m 69 |[39m     [36mswitch[39m (level) {
     [90m 70 |[39m       [36mcase[39m [33mLogLevel[39m[33m.[39m[33mERROR[39m[33m:[39m
    [31m[1m>[22m[39m[90m 71 |[39m         console[33m.[39merror(formattedLog)[33m;[39m
     [90m    |[39m                 [31m[1m^[22m[39m
     [90m 72 |[39m         [36mbreak[39m[33m;[39m
     [90m 73 |[39m       [36mcase[39m [33mLogLevel[39m[33m.[39m[33mWARN[39m[33m:[39m
     [90m 74 |[39m         console[33m.[39mwarn(formattedLog)[33m;[39m[0m

      at Logger.log (src/utils/logger.ts:71:17)
      at Logger.error (src/utils/logger.ts:94:10)
      at globalErrorHandler (src/middleware/errorHandler.ts:26:10)
      at Layer.handleError (node_modules/router/lib/layer.js:116:17)
      at trimPrefix (node_modules/router/index.js:340:13)
      at node_modules/router/index.js:297:9
      at processParams (node_modules/router/index.js:582:12)
      at next (node_modules/router/index.js:291:5)
      at Layer.handleError (node_modules/router/lib/layer.js:111:12)
      at trimPrefix (node_modules/router/index.js:340:13)
      at node_modules/router/index.js:297:9
      at processParams (node_modules/router/index.js:582:12)
      at Immediate.next (node_modules/router/index.js:291:5)
      at Immediate._onImmediate (node_modules/router/index.js:688:15)

    console.log
      {"timestamp":"2026-06-26T07:51:40.667Z","level":"INFO","message":"User logged in 
successfully","data":{"userId":"90ca23cc-53a1-4941-be80-f9c0bc217ed6"}}

      at Logger.log
 (src/utils/logger.ts:77:17)

    console.error
      {"timestamp":"2026-06-26T07:51:40.685Z","level":"ERROR","message":"Request 
error","error":{"message":"Access denied for requested organization","stack":"ForbiddenError: Access denied 
for requested organization\n    at OrganizationService.ensureOrganizationIsolation 
(D:\\property\\property-management-api\\src\\services\\organization.service.ts:220:13)\n    at 
OrganizationService.getOrganizationBranding 
(D:\\property\\property-management-api\\src\\services\\organization.service.ts:131:10)\n    at 
getOrganizationBranding 
(D:\\property\\property-management-api\\src\\controllers\\organization.controller.ts:181:48)\n    at 
Layer.handleRequest (D:\\property\\property-management-api\\node_modules\\router\\lib\\layer.js:152:17)\n    
at next (D:\\property\\property-management-api\\node_modules\\router\\lib\\route.js:157:13)\n    at 
D:\\property\\property-management-api\\src\\utils\\validation.ts:60:5\n    at Layer.handleRequest 
(D:\\property\\property-management-api\\node_modules\\router\\lib\\layer.js:152:17)\n    at next 
(D:\\property\\property-management-api\\node_modules\\router\\lib\\route.js:157:13)\n    at Route.dispatch 
(D:\\property\\property-management-api\\node_modules\\router\\lib\\route.js:117:3)\n    at handle 
(D:\\property\\property-management-api\\node_modules\\router\\index.js:435:11)\n    at Layer.handleRequest 
(D:\\property\\property-management-api\\node_modules\\router\\lib\\layer.js:152:17)\n    at 
D:\\property\\property-management-api\\node_modules\\router\\index.js:295:15\n    at param 
(D:\\property\\property-management-api\\node_modules\\router\\index.js:600:14)\n    at param 
(D:\\property\\property-management-api\\node_modules\\router\\index.js:610:14)\n    at processParams 
(D:\\property\\property-management-api\\node_modules\\router\\index.js:664:3)\n    at next 
(D:\\property\\property-management-api\\node_modules\\router\\index.js:291:5)\n    at requireAuth 
(D:\\property\\property-management-api\\src\\middleware\\auth.middleware.ts:54:5)\n    at Layer.handleRequest 
(D:\\property\\property-management-api\\node_modules\\router\\lib\\layer.js:152:17)\n    at trimPrefix 
(D:\\property\\property-management-api\\node_modules\\router\\index.js:342:13)\n    at 
D:\\property\\property-management-api\\node_modules\\router\\index.js:297:9\n    at processParams 
(D:\\property\\property-management-api\\node_modules\\router\\index.js:582:12)\n    at next 
(D:\\property\\property-management-api\\node_modules\\router\\index.js:291:5)\n    at Function.handle 
(D:\\property\\property-management-api\\node_modules\\router\\index.js:186:3)\n    at router 
(D:\\property\\property-management-api\\node_modules\\router\\index.js:60:12)\n    at Layer.handleRequest 
(D:\\property\\property-management-api\\node_modules\\router\\lib\\layer.js:152:17)\n    at trimPrefix 
(D:\\property\\property-management-api\\node_modules\\router\\index.js:342:13)\n    at 
D:\\property\\property-management-api\\node_modules\\router\\index.js:297:9\n    at processParams 
(D:\\property\\property-management-api\\node_modules\\router\\index.js:582:12)\n    at next 
(D:\\property\\property-management-api\\node_modules\\router\\index.js:291:5)\n    at Function.handle 
(D:\\property\\property-management-api\\node_modules\\router\\index.js:186:3)\n    at router 
(D:\\property\\property-management-api\\node_modules\\router\\index.js:60:12)\n    at Layer.handleRequest 
(D:\\property\\property-management-api\\node_modules\\router\\lib\\layer.js:152:17)\n    at trimPrefix 
(D:\\property\\property-management-api\\node_modules\\router\\index.js:342:13)\n    at 
D:\\property\\property-management-api\\node_modules\\router\\index.js:297:9\n    at processParams 
(D:\\property\\property-management-api\\node_modules\\router\\index.js:582:12)\n    at next 
(D:\\property\\property-management-api\\node_modules\\router\\index.js:291:5)\n    at 
D:\\property\\property-management-api\\src\\app.ts:42:3\n    at Layer.handleRequest 
(D:\\property\\property-management-api\\node_modules\\router\\lib\\layer.js:152:17)\n    at trimPrefix 
(D:\\prope
rty\\property-management-api\\node_modules\\router\\index.js:342:13)\n    at 
D:\\property\\property-management-api\\node_modules\\router\\index.js:297:9\n    at processParams 
(D:\\property\\property-management-api\\node_modules\\router\\index.js:582:12)\n    at next 
(D:\\property\\property-management-api\\node_modules\\router\\index.js:291:5)\n    at 
D:\\property\\property-management-api\\node_modules\\express-rate-limit\\dist\\index.cjs:889:9\n    at 
processTicksAndRejections (node:internal/process/task_queues:105:5)\n    at 
D:\\property\\property-management-api\\node_modules\\express-rate-limit\\dist\\index.cjs:854:5"}}

    [0m [90m 69 |[39m     [36mswitch[39m (level) {
     [90m 70 |[39m       [36mcase[39m [33mLogLevel[39m[33m.[39m[33mERROR[39m[33m:[39m
    [31m[1m>[22m[39m[90m 71 |[39m         console[33m.[39merror(formattedLog)[33m;[39m
     [90m    |[39m                 [31m[1m^[22m[39m
     [90m 72 |[39m         [36mbreak[39m[33m;[39m
     [90m 73 |[39m       [36mcase[39m [33mLogLevel[39m[33m.[39m[33mWARN[39m[33m:[39m
     [90m 74 |[39m         console[33m.[39mwarn(formattedLog)[33m;[39m[0m

      at Logger.log (src/utils/logger.ts:71:17)
      at Logger.error (src/utils/logger.ts:94:10)
      at globalErrorHandler (src/middleware/errorHandler.ts:26:10)
      at Layer.handleError (node_modules/router/lib/layer.js:116:17)
      at trimPrefix (node_modules/router/index.js:340:13)
      at node_modules/router/index.js:297:9
      at processParams (node_modules/router/index.js:582:12)
      at next (node_modules/router/index.js:291:5)
      at Layer.handleError (node_modules/router/lib/layer.js:111:12)
      at trimPrefix (node_modules/router/index.js:340:13)
      at node_modules/router/index.js:297:9
      at processParams (node_modules/router/index.js:582:12)
      at Immediate.next (node_modules/router/index.js:291:5)
      at Immediate._onImmediate (node_modules/router/index.js:688:15)

    console.log
      {"timestamp":"2026-06-26T07:51:40.711Z","level":"INFO","message":"Organization preferences 
retrieved","data":{"organizationId":"40256231-e232-48a5-acb9-444a6ba55d24"}}

      at Logger.log (src/utils/logger.ts:77:17)

    console.log
      {"timestamp":"2026-06-26T07:51:40.742Z","level":"INFO","message":"Organization preferences updated","dat
a":{"organizationId":"40256231-e232-48a5-acb9-444a6ba55d24","actorUserId":"cc296844-0de5-4819-b0ea-b89ab4e9e62
8"}}

      at Logger.log (src/utils/logger.ts:77:17)

    console.error
      {"timestamp":"2026-06-26T07:51:40.760Z","level":"ERROR","message":"Request 
error","error":{"message":"Validation failed","stack":"ValidationError: Validation failed\n    at 
D:\\property\\property-management-api\\src\\utils\\validation.ts:57:13\n    at Layer.handleRequest 
(D:\\property\\property-management-api\\node_modules\\router\\lib\\layer.js:152:17)\n    at next 
(D:\\property\\property-management-api\\node_modules\\router\\lib\\route.js:157:13)\n    at Route.dispatch 
(D:\\property\\property-management-api\\node_modules\\router\\lib\\route.js:117:3)\n    at handle 
(D:\\property\\property-management-api\\node_modules\\router\\index.js:435:11)\n    at Layer.handleRequest 
(D:\\property\\property-management-api\\node_modules\\router\\lib\\layer.js:152:17)\n    at 
D:\\property\\property-management-api\\node_modules\\router\\index.js:295:15\n    at param 
(D:\\property\\property-management-api\\node_modules\\router\\index.js:600:14)\n    at param 
(D:\\property\\property-management-api\\node_modules\\router\\index.js:610:14)\n    at processParams 
(D:\\property\\property-management-api\\node_modules\\router\\index.js:664:3)\n    at next 
(D:\\property\\property-management-api\\node_modules\\router\\index.js:291:5)\n    at requireAuth 
(D:\\property\\property-management-api\\src\\middleware\\auth.middleware.ts:54:5)\n    at Layer.handleRequest 
(D:\\property\\property-management-api\\node_modules\\router\\lib\\layer.js:152:17)\n    at trimPrefix 
(D:\\property\\property-management-api\\node_modules\\router\\index.js:342:13)\n    at D:\\pro
perty\\property-management-api\\node_modules\\router\\index.js:297:9\n    at processParams 
(D:\\property\\property-management-api\\node_modules\\router\\index.js:582:12)\n    at next 
(D:\\property\\property-management-api\\node_modules\\router\\index.js:291:5)\n    at Function.handle 
(D:\\property\\property-management-api\\node_modules\\router\\index.js:186:3)\n    at router 
(D:\\property\\property-management-api\\node_modules\\router\\index.js:60:12)\n    at Layer.handleRequest 
(D:\\property\\property-management-api\\node_modules\\router\\lib\\layer.js:152:17)\n    at trimPrefix 
(D:\\property\\property-management-api\\node_modules\\router\\index.js:342:13)\n    at 
D:\\property\\property-management-api\\node_modules\\router\\index.js:297:9\n    at processParams 
(D:\\property\\property-management-api\\node_modules\\router\\index.js:582:12)\n    at next 
(D:\\property\\property-management-api\\node_modules\\router\\index.js:291:5)\n    at Function.handle 
(D:\\property\\property-management-api\\node_modules\\router\\index.js:186:3)\n    at router 
(D:\\property\\property-management-api\\node_modules\\router\\index.js:60:12)\n    at Layer.handleRequest 
(D:\\property\\property-management-api\\node_modules\\router\\lib\\layer.js:152:17)\n    at trimPrefix 
(D:\\property\\property-management-api\\node_modules\\router\\index.js:342:13)\n    at 
D:\\property\\property-management-api\\node_modules\\router\\index.js:297:9\n    at processParams 
(D:\\property\\property-management-api\\node_modules\\router\\index.js:582:12)\n    at next 
(D:\\property\\property-management-api\\node_modules\\router\\index.js:291:5)\n    at 
D:\\property\\property-management-api\\src\\app.ts:42:3\n    at Layer.handleRequest 
(D:\\property\\property-management-api\\node_modules\\router\\lib\\layer.js:152:17)\n    at trimPrefix 
(D:\\property\\property-management-api\\node_modules\\router\\index.js:342:13)\n    at 
D:\\property\\property-management-api\\node_modules\\router\\index.js:297:9\n    at processParams 
(D:\\property\\property-management-api\\node_modules\\router\\index.js:582:12)\n    at next 
(D:\\property\\property-management-api\\node_modules\\router\\index.js:291:5)\n    at 
D:\\property\\property-management-api\\node_modules\\express-rate-limit\\dist\\index.cjs:889:9\n    at 
processTicksAndRejections (node:internal/process/task_queues:105:5)\n    at 
D:\\property\\property-management-api\\node_modules\\express-rate-limit\\dist\\index.cjs:854:5"}}

    [0m [90m 69 |[39m     [36mswitch[39m (level) {
     [90m 70 |[39m       [36mcase[39m [33mLogLevel[39m[33m.[39m[33mERROR[39m[33m:[39m
    [31m[1m>[22m[39m[90m 71 |[39m         console[33m.[39merror(formattedLog)[33m;[39m
     [90m    |[39m                 [31m[1m^[22m[39m
     [90m 72 |[39m         [36mbreak[39m[33m;[39m
     [90m 73 |[39m       [36mcase[39m [33mLogLevel[39m[33m.[39m[33mWARN[39m[33m:[39m
     [90m 74 |[39m         console[33m.[39mwarn(formattedLog)[33m;[39m[0m

      at Logger.log (src/utils/logger.ts:71:17)
      at Logger.error (src/utils/logger.ts:94:10)
      at globalErrorHandler (src/middleware/errorHandler.ts:26:10)
      at Layer.handleError (node_modules/router/lib/layer.js:116:17)
      at trimPrefix (node_modules/router/index.js:340:13)
      at node_modules/router/index.js:297:9
      at processParams (node_modules/router/index.js:582:12)
      at next (node_modules/router/index.js:291:5)
      at Layer.handleError (node_modules/router/lib/layer.js:111:12)
      at trimPrefix (node_modules/router/index.js:340:13)
      at node_modules/router/index.js:297:9
      at processParams (node_modules/router/index.js:582:12)
      at Immediate.next (node_modules/router/index.js:291:5)
      at Immediate._onImmediate (node_modules/router/index.js:688:15)

    console.log
      {"timestamp":"2026-06-26T07:51:40.956Z","level":"INFO","message":"User logged in 
successfully","data":{"userId":"90ca23cc-53a1-4941-be80-f9c0bc217ed6"}}

      at Logger.log (src/utils/logger.ts:77:17)

    console.error
      {"timestamp":"2026-06-26T07:51:4
0.988Z","level":"ERROR","message":"Request error","error":{"message":"Access denied for requested 
organization","stack":"ForbiddenError: Access denied for requested organization\n    at 
OrganizationService.ensureOrganizationIsolation 
(D:\\property\\property-management-api\\src\\services\\organization.service.ts:220:13)\n    at 
OrganizationService.getOrganizationPreferences 
(D:\\property\\property-management-api\\src\\services\\organization.service.ts:158:10)\n    at 
getOrganizationPreferences 
(D:\\property\\property-management-api\\src\\controllers\\organization.controller.ts:215:51)\n    at 
Layer.handleRequest (D:\\property\\property-management-api\\node_modules\\router\\lib\\layer.js:152:17)\n    
at next (D:\\property\\property-management-api\\node_modules\\router\\lib\\route.js:157:13)\n    at 
D:\\property\\property-management-api\\src\\utils\\validation.ts:60:5\n    at Layer.handleRequest 
(D:\\property\\property-management-api\\node_modules\\router\\lib\\layer.js:152:17)\n    at next 
(D:\\property\\property-management-api\\node_modules\\router\\lib\\route.js:157:13)\n    at Route.dispatch 
(D:\\property\\property-management-api\\node_modules\\router\\lib\\route.js:117:3)\n    at handle 
(D:\\property\\property-management-api\\node_modules\\router\\index.js:435:11)\n    at Layer.handleRequest 
(D:\\property\\property-management-api\\node_modules\\router\\lib\\layer.js:152:17)\n    at 
D:\\property\\property-management-api\\node_modules\\router\\index.js:295:15\n    at param 
(D:\\property\\property-management-api\\node_modules\\router\\index.js:600:14)\n    at param 
(D:\\property\\property-management-api\\node_modules\\router\\index.js:610:14)\n    at processParams 
(D:\\property\\property-management-api\\node_modules\\router\\index.js:664:3)\n    at next 
(D:\\property\\property-management-api\\node_modules\\router\\index.js:291:5)\n    at requireAuth 
(D:\\property\\property-management-api\\src\\middleware\\auth.middleware.ts:54:5)\n    at Layer.handleRequest 
(D:\\property\\property-management-api\\node_modules\\router\\lib\\layer.js:152:17)\n    at trimPrefix 
(D:\\property\\property-management-api\\node_modules\\router\\index.js:342:13)\n    at 
D:\\property\\property-management-api\\node_modules\\router\\index.js:297:9\n    at processParams 
(D:\\property\\property-management-api\\node_modules\\router\\index.js:582:12)\n    at next 
(D:\\property\\property-management-api\\node_modules\\router\\index.js:291:5)\n    at Function.handle 
(D:\\property\\property-management-api\\node_modules\\router\\index.js:186:3)\n    at router 
(D:\\property\\property-management-api\\node_modules\\router\\index.js:60:12)\n    at Layer.handleRequest 
(D:\\property\\property-management-api\\node_modules\\router\\lib\\layer.js:152:17)\n    at trimPrefix 
(D:\\property\\property-management-api\\node_modules\\router\\index.js:342:13)\n    at 
D:\\property\\property-management-api\\node_modules\\router\\index.js:297:9\n    at processParams 
(D:\\property\\property-management-api\\node_modules\\router\\index.js:582:12)\n    at next 
(D:\\property\\property-management-api\\node_modules\\router\\index.js:291:5)\n    at Function.handle 
(D:\\property\\property-management-api\\node_modules\\router\\index.js:186:3)\n    at router 
(D:\\property\\property-management-api\\node_modules\\router\\index.js:60:12)\n    at Layer.handleRequest 
(D:\\property\\property-management-api\\node_modules\\router\\lib\\layer.js:152:17)\n    at trimPrefix 
(D:\\property\\property-management-api\\node_modules\\router\\index.js:342:13)\n    at 
D:\\property\\property-management-api\\node_modules\\router\\index.js:297:9\n    at processParams 
(D:\\property\\property-management-api\\node_modules\\router\\index.js:582:12)\n    at next 
(D:\\property\\property-management-api\\node_modules\\router\\index.js:291:5)\n    at 
D:\\property\\property-management-api\\src\\app.ts:42:3\n    at Layer.handleRequest 
(D:\\property\\property-management-api\\node_modules\\router\\lib\\layer.js:152:17)\n    at trimPrefix 
(D:\\property\\property-management-api\\node_modules\\router\\index.js:342:13)\n    at D:\
\property\\property-management-api\\node_modules\\router\\index.js:297:9\n    at processParams 
(D:\\property\\property-management-api\\node_modules\\router\\index.js:582:12)\n    at next 
(D:\\property\\property-management-api\\node_modules\\router\\index.js:291:5)\n    at 
D:\\property\\property-management-api\\node_modules\\express-rate-limit\\dist\\index.cjs:889:9\n    at 
processTicksAndRejections (node:internal/process/task_queues:105:5)\n    at 
D:\\property\\property-management-api\\node_modules\\express-rate-limit\\dist\\index.cjs:854:5"}}

    [0m [90m 69 |[39m     [36mswitch[39m (level) {
     [90m 70 |[39m       [36mcase[39m [33mLogLevel[39m[33m.[39m[33mERROR[39m[33m:[39m
    [31m[1m>[22m[39m[90m 71 |[39m         console[33m.[39merror(formattedLog)[33m;[39m
     [90m    |[39m                 [31m[1m^[22m[39m
     [90m 72 |[39m         [36mbreak[39m[33m;[39m
     [90m 73 |[39m       [36mcase[39m [33mLogLevel[39m[33m.[39m[33mWARN[39m[33m:[39m
     [90m 74 |[39m         console[33m.[39mwarn(formattedLog)[33m;[39m[0m

      at Logger.log (src/utils/logger.ts:71:17)
      at Logger.error (src/utils/logger.ts:94:10)
      at globalErrorHandler (src/middleware/errorHandler.ts:26:10)
      at Layer.handleError (node_modules/router/lib/layer.js:116:17)
      at trimPrefix (node_modules/router/index.js:340:13)
      at node_modules/router/index.js:297:9
      at processParams (node_modules/router/index.js:582:12)
      at next (node_modules/router/index.js:291:5)
      at Layer.handleError (node_modules/router/lib/layer.js:111:12)
      at trimPrefix (node_modules/router/index.js:340:13)
      at node_modules/router/index.js:297:9
      at processParams (node_modules/router/index.js:582:12)
      at Immediate.next (node_modules/router/index.js:291:5)
      at Immediate._onImmediate (node_modules/router/index.js:688:15)

    console.warn
      {"timestamp":"2026-06-26T07:51:41.011Z","level":"WARN","message":"Missing or invalid authorization 
header"}

    [0m [90m 72 |[39m         [36mbreak[39m[33m;[39m
     [90m 73 |[39m       [36mcase[39m [33mLogLevel[39m[33m.[39m[33mWARN[39m[33m:[39m
    [31m[1m>[22m[39m[90m 74 |[39m         console[33m.[39mwarn(formattedLog)[33m;[39m
     [90m    |[39m                 [31m[1m^[22m[39m
     [90m 75 |[39m         [36mbreak[39m[33m;[39m
     [90m 76 |[39m       [36mdefault[39m[33m:[39m
     [90m 77 |[39m         console[33m.[39mlog(formattedLog)[33m;[39m[0m

      at Logger.log (src/utils/logger.ts:74:17)
      at Logger.warn (src/utils/logger.ts:90:10)
      at requireAuth (src/middleware/auth.middleware.ts:36:14)
      at Layer.handleRequest (node_modules/router/lib/layer.js:152:17)
      at trimPrefix (node_modules/router/index.js:342:13)
      at node_modules/router/index.js:297:9
      at processParams (node_modules/router/index.js:582:12)
      at next (node_modules/router/index.js:291:5)
      at Function.handle (node_modules/router/index.js:186:3)
      at router (node_modules/router/index.js:60:12)
      at Layer.handleRequest (node_modules/router/lib/layer.js:152:17)
      at trimPrefix (node_modules/router/index.js:342:13)
      at node_modules/router/index.js:297:9
      at processParams (node_modules/router/index.js:582:12)
      at next (node_modules/router/index.js:291:5)
      at Function.handle (node_modules/router/index.js:186:3)
      at router (node_modules/router/index.js:60:12)
      at Layer.handleRequest (node_modules/router/lib/layer.js:152:17)
      at trimPrefix (node_modules/router/index.js:342:13)
      at node_modules/router/index.js:297:9
      at processParams (node_modules/router/index.js:582:12)
      at next (node_modules/router/index.js:291:5)
      at src/app.ts:42:3
      at Layer.handleRequest (node_modules/router/lib/layer.js:152:17)
      at trimPrefix (node_modules/router/index.js:342:13)
      at node_modules/router/index.js:297:9
      at processParams (node_modules/router/index.js:582:12)
      at next (node_modules/router/index.js:291:5
)
      at node_modules/express-rate-limit/dist/index.cjs:889:9
      at node_modules/express-rate-limit/dist/index.cjs:854:5

    console.warn
      {"timestamp":"2026-06-26T07:51:41.023Z","level":"WARN","message":"Authentication 
failed","data":{"error":"Authorization header missing or invalid"}}

    [0m [90m 72 |[39m         [36mbreak[39m[33m;[39m
     [90m 73 |[39m       [36mcase[39m [33mLogLevel[39m[33m.[39m[33mWARN[39m[33m:[39m
    [31m[1m>[22m[39m[90m 74 |[39m         console[33m.[39mwarn(formattedLog)[33m;[39m
     [90m    |[39m                 [31m[1m^[22m[39m
     [90m 75 |[39m         [36mbreak[39m[33m;[39m
     [90m 76 |[39m       [36mdefault[39m[33m:[39m
     [90m 77 |[39m         console[33m.[39mlog(formattedLog)[33m;[39m[0m

      at Logger.log (src/utils/logger.ts:74:17)
      at Logger.warn (src/utils/logger.ts:90:10)
      at requireAuth (src/middleware/auth.middleware.ts:57:12)
      at Layer.handleRequest (node_modules/router/lib/layer.js:152:17)
      at trimPrefix (node_modules/router/index.js:342:13)
      at node_modules/router/index.js:297:9
      at processParams (node_modules/router/index.js:582:12)
      at next (node_modules/router/index.js:291:5)
      at Function.handle (node_modules/router/index.js:186:3)
      at router (node_modules/router/index.js:60:12)
      at Layer.handleRequest (node_modules/router/lib/layer.js:152:17)
      at trimPrefix (node_modules/router/index.js:342:13)
      at node_modules/router/index.js:297:9
      at processParams (node_modules/router/index.js:582:12)
      at next (node_modules/router/index.js:291:5)
      at Function.handle (node_modules/router/index.js:186:3)
      at router (node_modules/router/index.js:60:12)
      at Layer.handleRequest (node_modules/router/lib/layer.js:152:17)
      at trimPrefix (node_modules/router/index.js:342:13)
      at node_modules/router/index.js:297:9
      at processParams (node_modules/router/index.js:582:12)
      at next (node_modules/router/index.js:291:5)
      at src/app.ts:42:3
      at Layer.handleRequest (node_modules/router/lib/layer.js:152:17)
      at trimPrefix (node_modules/router/index.js:342:13)
      at node_modules/router/index.js:297:9
      at processParams (node_modules/router/index.js:582:12)
      at next (node_modules/router/index.js:291:5)
      at node_modules/express-rate-limit/dist/index.cjs:889:9
      at node_modules/express-rate-limit/dist/index.cjs:854:5

    console.log
      {"timestamp":"2026-06-26T07:51:41.054Z","level":"INFO","message":"Organization preferences updated","dat
a":{"organizationId":"40256231-e232-48a5-acb9-444a6ba55d24","actorUserId":"cc296844-0de5-4819-b0ea-b89ab4e9e62
8"}}

      at Logger.log (src/utils/logger.ts:77:17)

    console.log
      {"timestamp":"2026-06-26T07:51:41.076Z","level":"INFO","message":"Organization preferences updated","dat
a":{"organizationId":"40256231-e232-48a5-acb9-444a6ba55d24","actorUserId":"cc296844-0de5-4819-b0ea-b89ab4e9e62
8"}}

      at Logger.log (src/utils/logger.ts:77:17)


  ΓùÅ Organization Module E2E ΓÇ║ Organization Preferences ΓÇ║ persists preference changes across multiple 
updates

    expect(received).toBe(expected) // Object.is equality

    Expected: false
    Received: true

    [0m [90m 339 |[39m
     [90m 340 |[39m       [90m// Verify both changes persisted[39m
    [31m[1m>[22m[39m[90m 341 |[39m       expect(secondUpdate[33m.[39mbody[33m.[39mdata[33m.[39mema
ilNotifications)[33m.[39mtoBe([36mfalse[39m)[33m;[39m
     [90m     |[39m                                                         [31m[1m^[22m[39m
     [90m 342 |[39m       expect(secondUpdate[33m.[39mbody[33m.[39mdata[33m.[39mtwoFactorAuth)[33m.[
39mtoBe([36mtrue[39m)[33m;[39m
     [90m 343 |[39m     })[33m;[39m
     [90m 344 |[39m   })[33m;[39m[0m

      at Object.<anonymous> (src/__tests__/e2e/organization.e2e.test.ts:341:57)


PASS src/__tests__/e2e/auth.e2e.test.ts (10.798 s)

  ΓùÅ Console

    console.log
      Γùç injected env (0) from .env.test // tip: Γùê secrets for agents [www.dotenvx.com]

      at _log (node_modules/dotenv/lib/main.js:131:11)

    console.log
      Γùç injected env (0) from .env.test // tip: Γîÿ enable debugging { debug: true }

      at _log (node_modules/dotenv/lib/main.js:131:11)

    console.log
      {"timestamp":"2026-06-26T07:51:39.076Z","level":"INFO","message":"Creating new user and 
organization","data":{"email":"test.user@example.com","organizationName":"Test Organization"}}

      at Logger.log (src/utils/logger.ts:77:17)

    console.log
      {"timestamp":"2026-06-26T07:51:39.137Z","level":"INFO","message":"User registered successfully","data":{
"userId":"2a774941-ce39-4377-8632-b6aacf6b6818","organizationId":"3e10fee3-cdfb-4a28-a208-54b7e72eaddf"}}

      at Logger.log (src/utils/logger.ts:77:17)

    console.warn
      {"timestamp":"2026-06-26T07:51:39.220Z","level":"WARN","message":"Registration attempted with existing 
email","data":{"email":"test.user@example.com"}}

    [0m [90m 72 |[39m         [36mbreak[39m[33m;[39m
     [90m 73 |[39m       [36mcase[39m [33mLogLevel[39m[33m.[39m[33mWARN[39m[33m:[39m
    [31m[1m>[22m[39m[90m 74 |[39m         console[33m.[39mwarn(formattedLog)[33m;[39m
     [90m    |[39m                 [31m[1m^[22m[39m
     [90m 75 |[39m         [36mbreak[39m[33m;[39m
     [90m 76 |[39m       [36mdefault[39m[33m:[39m
     [90m 77 |[39m         console[33m.[39mlog(formattedLog)[33m;[39m[0m

      at Logger.log (src/utils/logger.ts:74:17)
      at Logger.warn (src/utils/logger.ts:90:10)
      at AuthService.register (src/services/auth.service.ts:76:14)
      at register (src/controllers/auth.controller.ts:34:20)

    console.error
      {"timestamp":"2026-06-26T07:51:39.221Z","level":"ERROR","message":"Register endpoint 
error","error":{"name":"ValidationError","message":"Validation failed","stack":"ValidationError: Validation 
failed\n    at AuthService.register 
(D:\\property\\property-management-api\\src\\services\\auth.service.ts:77:13)\n    at register 
(D:\\property\\property-management-api\\src\\controllers\\auth.controller.ts:34:20)"}}

    [0m [90m 69 |[39m     [36mswitch[39m (level) {
     [90m 70 |[39m       [36mcase[39m [33mLogLevel[39m[33m.[39m[33mERROR[39m[33m:[39m
    [31m[1m>[22m[39m[90m 71 |[39m         console[33m.[39merror(formattedLog)[33m;[39m
     [90m    |[39m                 [31m[1m^[22m[39m
     [90m 72 |[39m         [36mbreak[39m[33m;[39m
     [90m 73 |[39m       [36mcase[39m [33mLogLevel[39m[33m.[39m[33mWARN[39m[33m:[39m
     [90m 74 |[39m         console[33m.[39mwarn(formattedLog)[33m;[39m[0m

      at Logger.log (src/utils/logger.ts:71:17)
      at Logger.error (src/utils/logger.ts:94:10)
      at register (src/controllers/auth.controller.ts:37:12)

    console.error
      {"timestamp":"2026-06-26T07:51:39.242Z","level":"ERROR","message":"Request 
error","error":{"message":"Validation failed","stack":"ValidationError: Validation failed\n    at 
AuthService.register (D:\\property\\property-management-api\\src\\services\\auth.service.ts:77:13)\n    at 
register (D:\\property\\property-management-api\\src\\controllers\\auth.controller.ts:34:20)"}}

    [0m [90m 69 |[39m     [36mswitch[39m (level) {
     [90m 70 |[39m       [36mcase[39m [33mLogLevel[39m[33m.[39m[33mERROR[39m[33m:[39m
    [31m[1m>[22m[39m[90m 71 |[39m         console[33m.[39merror(formattedLog)[33m;[39m
     [90m    |[39m                 [31m[1m^[22m[39m
     [90m 72 |[39m         [36mbreak[39m[33m;[39m
     [90m 73 |[39m       [36mcase[39m [33mLogLevel[39m[33m.[39m[33mWARN[39m[33m:[39m
     [90m 74 |[39m         console[33m.[39mwarn(formattedLog)[33m;[39m[0m

      at Logger.log (src/utils/logger.ts:71:17)
      at Logger.error (src/utils/logger.ts:94:10)
      at globalErrorHandler (src/middleware/errorHandler.ts:26:10)
      at Layer.handleError (node_modules/router/lib/layer.js:116
:17)
      at trimPrefix (node_modules/router/index.js:340:13)
      at node_modules/router/index.js:297:9
      at processParams (node_modules/router/index.js:582:12)
      at next (node_modules/router/index.js:291:5)
      at Layer.handleError (node_modules/router/lib/layer.js:111:12)
      at trimPrefix (node_modules/router/index.js:340:13)
      at node_modules/router/index.js:297:9
      at processParams (node_modules/router/index.js:582:12)
      at next (node_modules/router/index.js:291:5)
      at node_modules/router/index.js:688:15
      at next (node_modules/router/index.js:276:14)
      at node_modules/router/index.js:688:15
      at next (node_modules/router/index.js:276:14)
      at next (node_modules/router/lib/route.js:132:14)
      at register (src/controllers/auth.controller.ts:38:5)

    console.log
      {"timestamp":"2026-06-26T07:51:39.399Z","level":"INFO","message":"User logged in 
successfully","data":{"userId":"2a774941-ce39-4377-8632-b6aacf6b6818"}}

      at Logger.log (src/utils/logger.ts:77:17)

    console.warn
      {"timestamp":"2026-06-26T07:51:39.431Z","level":"WARN","message":"Login failed - user not found or no 
memberships","data":{"email":"nonexistent@example.com"}}

    [0m [90m 72 |[39m         [36mbreak[39m[33m;[39m
     [90m 73 |[39m       [36mcase[39m [33mLogLevel[39m[33m.[39m[33mWARN[39m[33m:[39m
    [31m[1m>[22m[39m[90m 74 |[39m         console[33m.[39mwarn(formattedLog)[33m;[39m
     [90m    |[39m                 [31m[1m^[22m[39m
     [90m 75 |[39m         [36mbreak[39m[33m;[39m
     [90m 76 |[39m       [36mdefault[39m[33m:[39m
     [90m 77 |[39m         console[33m.[39mlog(formattedLog)[33m;[39m[0m

      at Logger.log (src/utils/logger.ts:74:17)
      at Logger.warn (src/utils/logger.ts:90:10)
      at AuthService.login (src/services/auth.service.ts:161:14)
      at login (src/controllers/auth.controller.ts:55:20)

    console.error
      {"timestamp":"2026-06-26T07:51:39.432Z","level":"ERROR","message":"Login endpoint 
error","error":{"name":"UnauthorizedError","message":"Invalid credentials","stack":"UnauthorizedError: 
Invalid credentials\n    at AuthService.login 
(D:\\property\\property-management-api\\src\\services\\auth.service.ts:162:13)\n    at login 
(D:\\property\\property-management-api\\src\\controllers\\auth.controller.ts:55:20)"}}

    [0m [90m 69 |[39m     [36mswitch[39m (level) {
     [90m 70 |[39m       [36mcase[39m [33mLogLevel[39m[33m.[39m[33mERROR[39m[33m:[39m
    [31m[1m>[22m[39m[90m 71 |[39m         console[33m.[39merror(formattedLog)[33m;[39m
     [90m    |[39m                 [31m[1m^[22m[39m
     [90m 72 |[39m         [36mbreak[39m[33m;[39m
     [90m 73 |[39m       [36mcase[39m [33mLogLevel[39m[33m.[39m[33mWARN[39m[33m:[39m
     [90m 74 |[39m         console[33m.[39mwarn(formattedLog)[33m;[39m[0m

      at Logger.log (src/utils/logger.ts:71:17)
      at Logger.error (src/utils/logger.ts:94:10)
      at login (src/controllers/auth.controller.ts:63:12)

    console.error
      {"timestamp":"2026-06-26T07:51:39.439Z","level":"ERROR","message":"Request 
error","error":{"message":"Invalid credentials","stack":"UnauthorizedError: Invalid credentials\n    at 
AuthService.login (D:\\property\\property-management-api\\src\\services\\auth.service.ts:162:13)\n    at 
login (D:\\property\\property-management-api\\src\\controllers\\auth.controller.ts:55:20)"}}

    [0m [90m 69 |[39m     [36mswitch[39m (level) {
     [90m 70 |[39m       [36mcase[39m [33mLogLevel[39m[33m.[39m[33mERROR[39m[33m:[39m
    [31m[1m>[22m[39m[90m 71 |[39m         console[33m.[39merror(formattedLog)[33m;[39m
     [90m    |[39m                 [31m[1m^[22m[39m
     [90m 72 |[39m         [36mbreak[39m[33m;[39m
     [90m 73 |[39m       [36mcase[39m [33mLogLevel[39m[33m.[39m[33mWARN[39m[33m:[39m
     [90m 74 |[39m         console[33m.[39mwarn(formattedLog)[33m;[39m[0m

      at Logger.log (src/utils/logger.ts:71:17)
      at Logger.err
or (src/utils/logger.ts:94:10)
      at globalErrorHandler (src/middleware/errorHandler.ts:26:10)
      at Layer.handleError (node_modules/router/lib/layer.js:116:17)
      at trimPrefix (node_modules/router/index.js:340:13)
      at node_modules/router/index.js:297:9
      at processParams (node_modules/router/index.js:582:12)
      at next (node_modules/router/index.js:291:5)
      at Layer.handleError (node_modules/router/lib/layer.js:111:12)
      at trimPrefix (node_modules/router/index.js:340:13)
      at node_modules/router/index.js:297:9
      at processParams (node_modules/router/index.js:582:12)
      at next (node_modules/router/index.js:291:5)
      at node_modules/router/index.js:688:15
      at next (node_modules/router/index.js:276:14)
      at node_modules/router/index.js:688:15
      at next (node_modules/router/index.js:276:14)
      at next (node_modules/router/lib/route.js:132:14)
      at login (src/controllers/auth.controller.ts:78:5)

    console.warn
      {"timestamp":"2026-06-26T07:51:39.584Z","level":"WARN","message":"Login failed - invalid 
password","data":{"email":"test.user@example.com"}}

    [0m [90m 72 |[39m         [36mbreak[39m[33m;[39m
     [90m 73 |[39m       [36mcase[39m [33mLogLevel[39m[33m.[39m[33mWARN[39m[33m:[39m
    [31m[1m>[22m[39m[90m 74 |[39m         console[33m.[39mwarn(formattedLog)[33m;[39m
     [90m    |[39m                 [31m[1m^[22m[39m
     [90m 75 |[39m         [36mbreak[39m[33m;[39m
     [90m 76 |[39m       [36mdefault[39m[33m:[39m
     [90m 77 |[39m         console[33m.[39mlog(formattedLog)[33m;[39m[0m

      at Logger.log (src/utils/logger.ts:74:17)
      at Logger.warn (src/utils/logger.ts:90:10)
      at AuthService.login (src/services/auth.service.ts:168:14)
      at login (src/controllers/auth.controller.ts:55:20)

    console.error
      {"timestamp":"2026-06-26T07:51:39.585Z","level":"ERROR","message":"Login endpoint 
error","error":{"name":"UnauthorizedError","message":"Invalid credentials","stack":"UnauthorizedError: 
Invalid credentials\n    at AuthService.login 
(D:\\property\\property-management-api\\src\\services\\auth.service.ts:169:13)\n    at login 
(D:\\property\\property-management-api\\src\\controllers\\auth.controller.ts:55:20)"}}

    [0m [90m 69 |[39m     [36mswitch[39m (level) {
     [90m 70 |[39m       [36mcase[39m [33mLogLevel[39m[33m.[39m[33mERROR[39m[33m:[39m
    [31m[1m>[22m[39m[90m 71 |[39m         console[33m.[39merror(formattedLog)[33m;[39m
     [90m    |[39m                 [31m[1m^[22m[39m
     [90m 72 |[39m         [36mbreak[39m[33m;[39m
     [90m 73 |[39m       [36mcase[39m [33mLogLevel[39m[33m.[39m[33mWARN[39m[33m:[39m
     [90m 74 |[39m         console[33m.[39mwarn(formattedLog)[33m;[39m[0m

      at Logger.log (src/utils/logger.ts:71:17)
      at Logger.error (src/utils/logger.ts:94:10)
      at login (src/controllers/auth.controller.ts:63:12)

    console.error
      {"timestamp":"2026-06-26T07:51:39.586Z","level":"ERROR","message":"Request 
error","error":{"message":"Invalid credentials","stack":"UnauthorizedError: Invalid credentials\n    at 
AuthService.login (D:\\property\\property-management-api\\src\\services\\auth.service.ts:169:13)\n    at 
login (D:\\property\\property-management-api\\src\\controllers\\auth.controller.ts:55:20)"}}

    [0m [90m 69 |[39m     [36mswitch[39m (level) {
     [90m 70 |[39m       [36mcase[39m [33mLogLevel[39m[33m.[39m[33mERROR[39m[33m:[39m
    [31m[1m>[22m[39m[90m 71 |[39m         console[33m.[39merror(formattedLog)[33m;[39m
     [90m    |[39m                 [31m[1m^[22m[39m
     [90m 72 |[39m         [36mbreak[39m[33m;[39m
     [90m 73 |[39m       [36mcase[39m [33mLogLevel[39m[33m.[39m[33mWARN[39m[33m:[39m
     [90m 74 |[39m         console[33m.[39mwarn(formattedLog)[33m;[39m[0m

      at Logger.log (src/utils/logger.ts:71:17)
      at Logger.error (src/utils/logger.ts:94:10)
      at globalErrorHandler (src/middleware/errorHand
ler.ts:26:10)
      at Layer.handleError (node_modules/router/lib/layer.js:116:17)
      at trimPrefix (node_modules/router/index.js:340:13)
      at node_modules/router/index.js:297:9
      at processParams (node_modules/router/index.js:582:12)
      at next (node_modules/router/index.js:291:5)
      at Layer.handleError (node_modules/router/lib/layer.js:111:12)
      at trimPrefix (node_modules/router/index.js:340:13)
      at node_modules/router/index.js:297:9
      at processParams (node_modules/router/index.js:582:12)
      at next (node_modules/router/index.js:291:5)
      at node_modules/router/index.js:688:15
      at next (node_modules/router/index.js:276:14)
      at node_modules/router/index.js:688:15
      at next (node_modules/router/index.js:276:14)
      at next (node_modules/router/lib/route.js:132:14)
      at login (src/controllers/auth.controller.ts:78:5)

    console.warn
      {"timestamp":"2026-06-26T07:51:39.642Z","level":"WARN","message":"Missing or invalid authorization 
header"}

    [0m [90m 72 |[39m         [36mbreak[39m[33m;[39m
     [90m 73 |[39m       [36mcase[39m [33mLogLevel[39m[33m.[39m[33mWARN[39m[33m:[39m
    [31m[1m>[22m[39m[90m 74 |[39m         console[33m.[39mwarn(formattedLog)[33m;[39m
     [90m    |[39m                 [31m[1m^[22m[39m
     [90m 75 |[39m         [36mbreak[39m[33m;[39m
     [90m 76 |[39m       [36mdefault[39m[33m:[39m
     [90m 77 |[39m         console[33m.[39mlog(formattedLog)[33m;[39m[0m

      at Logger.log (src/utils/logger.ts:74:17)
      at Logger.warn (src/utils/logger.ts:90:10)
      at requireAuth (src/middleware/auth.middleware.ts:36:14)
      at Layer.handleRequest (node_modules/router/lib/layer.js:152:17)
      at next (node_modules/router/lib/route.js:157:13)
      at Route.dispatch (node_modules/router/lib/route.js:117:3)
      at handle (node_modules/router/index.js:435:11)
      at Layer.handleRequest (node_modules/router/lib/layer.js:152:17)
      at node_modules/router/index.js:295:15
      at processParams (node_modules/router/index.js:582:12)
      at next (node_modules/router/index.js:291:5)
      at Function.handle (node_modules/router/index.js:186:3)
      at router (node_modules/router/index.js:60:12)
      at Layer.handleRequest (node_modules/router/lib/layer.js:152:17)
      at trimPrefix (node_modules/router/index.js:342:13)
      at node_modules/router/index.js:297:9
      at processParams (node_modules/router/index.js:582:12)
      at next (node_modules/router/index.js:291:5)
      at node_modules/express-rate-limit/dist/index.cjs:889:9
      at node_modules/express-rate-limit/dist/index.cjs:854:5

    console.warn
      {"timestamp":"2026-06-26T07:51:39.644Z","level":"WARN","message":"Authentication 
failed","data":{"error":"Authorization header missing or invalid"}}

    [0m [90m 72 |[39m         [36mbreak[39m[33m;[39m
     [90m 73 |[39m       [36mcase[39m [33mLogLevel[39m[33m.[39m[33mWARN[39m[33m:[39m
    [31m[1m>[22m[39m[90m 74 |[39m         console[33m.[39mwarn(formattedLog)[33m;[39m
     [90m    |[39m                 [31m[1m^[22m[39m
     [90m 75 |[39m         [36mbreak[39m[33m;[39m
     [90m 76 |[39m       [36mdefault[39m[33m:[39m
     [90m 77 |[39m         console[33m.[39mlog(formattedLog)[33m;[39m[0m

      at Logger.log (src/utils/logger.ts:74:17)
      at Logger.warn (src/utils/logger.ts:90:10)
      at requireAuth (src/middleware/auth.middleware.ts:57:12)
      at Layer.handleRequest (node_modules/router/lib/layer.js:152:17)
      at next (node_modules/router/lib/route.js:157:13)
      at Route.dispatch (node_modules/router/lib/route.js:117:3)
      at handle (node_modules/router/index.js:435:11)
      at Layer.handleRequest (node_modules/router/lib/layer.js:152:17)
      at node_modules/router/index.js:295:15
      at processParams (node_modules/router/index.js:582:12)
      at next (node_modules/router/index.js:291:5)
      at Function.handle (node_modules/router/index.js:186:3)
      at router (node_modules/router/ind
ex.js:60:12)
      at Layer.handleRequest (node_modules/router/lib/layer.js:152:17)
      at trimPrefix (node_modules/router/index.js:342:13)
      at node_modules/router/index.js:297:9
      at processParams (node_modules/router/index.js:582:12)
      at next (node_modules/router/index.js:291:5)
      at node_modules/express-rate-limit/dist/index.cjs:889:9
      at node_modules/express-rate-limit/dist/index.cjs:854:5

    console.warn
      {"timestamp":"2026-06-26T07:51:39.659Z","level":"WARN","message":"Authentication 
failed","data":{"error":"invalid token"}}

    [0m [90m 72 |[39m         [36mbreak[39m[33m;[39m
     [90m 73 |[39m       [36mcase[39m [33mLogLevel[39m[33m.[39m[33mWARN[39m[33m:[39m
    [31m[1m>[22m[39m[90m 74 |[39m         console[33m.[39mwarn(formattedLog)[33m;[39m
     [90m    |[39m                 [31m[1m^[22m[39m
     [90m 75 |[39m         [36mbreak[39m[33m;[39m
     [90m 76 |[39m       [36mdefault[39m[33m:[39m
     [90m 77 |[39m         console[33m.[39mlog(formattedLog)[33m;[39m[0m

      at Logger.log (src/utils/logger.ts:74:17)
      at Logger.warn (src/utils/logger.ts:90:10)
      at requireAuth (src/middleware/auth.middleware.ts:57:12)
      at Layer.handleRequest (node_modules/router/lib/layer.js:152:17)
      at next (node_modules/router/lib/route.js:157:13)
      at Route.dispatch (node_modules/router/lib/route.js:117:3)
      at handle (node_modules/router/index.js:435:11)
      at Layer.handleRequest (node_modules/router/lib/layer.js:152:17)
      at node_modules/router/index.js:295:15
      at processParams (node_modules/router/index.js:582:12)
      at next (node_modules/router/index.js:291:5)
      at Function.handle (node_modules/router/index.js:186:3)
      at router (node_modules/router/index.js:60:12)
      at Layer.handleRequest (node_modules/router/lib/layer.js:152:17)
      at trimPrefix (node_modules/router/index.js:342:13)
      at node_modules/router/index.js:297:9
      at processParams (node_modules/router/index.js:582:12)
      at next (node_modules/router/index.js:291:5)
      at node_modules/express-rate-limit/dist/index.cjs:889:9
      at node_modules/express-rate-limit/dist/index.cjs:854:5

    console.log
      {"timestamp":"2026-06-26T07:51:39.698Z","level":"INFO","message":"Token refreshed 
successfully","data":{"userId":"2a774941-ce39-4377-8632-b6aacf6b6818"}}

      at Logger.log (src/utils/logger.ts:77:17)

    console.warn
      {"timestamp":"2026-06-26T07:51:39.717Z","level":"WARN","message":"Invalid or expired refresh token"}

    [0m [90m 72 |[39m         [36mbreak[39m[33m;[39m
     [90m 73 |[39m       [36mcase[39m [33mLogLevel[39m[33m.[39m[33mWARN[39m[33m:[39m
    [31m[1m>[22m[39m[90m 74 |[39m         console[33m.[39mwarn(formattedLog)[33m;[39m
     [90m    |[39m                 [31m[1m^[22m[39m
     [90m 75 |[39m         [36mbreak[39m[33m;[39m
     [90m 76 |[39m       [36mdefault[39m[33m:[39m
     [90m 77 |[39m         console[33m.[39mlog(formattedLog)[33m;[39m[0m

      at Logger.log (src/utils/logger.ts:74:17)
      at Logger.warn (src/utils/logger.ts:90:10)
      at AuthService.refreshToken (src/services/auth.service.ts:207:14)
      at refreshToken (src/controllers/auth.controller.ts:95:20)

    console.error
      {"timestamp":"2026-06-26T07:51:39.718Z","level":"ERROR","message":"Refresh token endpoint 
error","error":{"name":"UnauthorizedError","message":"Invalid or expired refresh 
token","stack":"UnauthorizedError: Invalid or expired refresh token\n    at AuthService.refreshToken 
(D:\\property\\property-management-api\\src\\services\\auth.service.ts:208:13)\n    at refreshToken 
(D:\\property\\property-management-api\\src\\controllers\\auth.controller.ts:95:20)"}}

    [0m [90m 69 |[39m     [36mswitch[39m (level) {
     [90m 70 |[39m       [36mcase[39m [33mLogLevel[39m[33m.[39m[33mERROR[39m[33m:[39m
    [31m[1m>[22m[39m[90m 71 |[39m         console[33m.[39merror(formattedLog)[33m;[39m
     [90m    |[39m                 
[31m[1m^[22m[39m
     [90m 72 |[39m         [36mbreak[39m[33m;[39m
     [90m 73 |[39m       [36mcase[39m [33mLogLevel[39m[33m.[39m[33mWARN[39m[33m:[39m
     [90m 74 |[39m         console[33m.[39mwarn(formattedLog)[33m;[39m[0m

      at Logger.log (src/utils/logger.ts:71:17)
      at Logger.error (src/utils/logger.ts:94:10)
      at refreshToken (src/controllers/auth.controller.ts:98:12)

    console.error
      {"timestamp":"2026-06-26T07:51:39.719Z","level":"ERROR","message":"Request 
error","error":{"message":"Invalid or expired refresh token","stack":"UnauthorizedError: Invalid or expired 
refresh token\n    at AuthService.refreshToken 
(D:\\property\\property-management-api\\src\\services\\auth.service.ts:208:13)\n    at refreshToken 
(D:\\property\\property-management-api\\src\\controllers\\auth.controller.ts:95:20)"}}

    [0m [90m 69 |[39m     [36mswitch[39m (level) {
     [90m 70 |[39m       [36mcase[39m [33mLogLevel[39m[33m.[39m[33mERROR[39m[33m:[39m
    [31m[1m>[22m[39m[90m 71 |[39m         console[33m.[39merror(formattedLog)[33m;[39m
     [90m    |[39m                 [31m[1m^[22m[39m
     [90m 72 |[39m         [36mbreak[39m[33m;[39m
     [90m 73 |[39m       [36mcase[39m [33mLogLevel[39m[33m.[39m[33mWARN[39m[33m:[39m
     [90m 74 |[39m         console[33m.[39mwarn(formattedLog)[33m;[39m[0m

      at Logger.log (src/utils/logger.ts:71:17)
      at Logger.error (src/utils/logger.ts:94:10)
      at globalErrorHandler (src/middleware/errorHandler.ts:26:10)
      at Layer.handleError (node_modules/router/lib/layer.js:116:17)
      at trimPrefix (node_modules/router/index.js:340:13)
      at node_modules/router/index.js:297:9
      at processParams (node_modules/router/index.js:582:12)
      at next (node_modules/router/index.js:291:5)
      at Layer.handleError (node_modules/router/lib/layer.js:111:12)
      at trimPrefix (node_modules/router/index.js:340:13)
      at node_modules/router/index.js:297:9
      at processParams (node_modules/router/index.js:582:12)
      at next (node_modules/router/index.js:291:5)
      at node_modules/router/index.js:688:15
      at next (node_modules/router/index.js:276:14)
      at node_modules/router/index.js:688:15
      at next (node_modules/router/index.js:276:14)
      at next (node_modules/router/lib/route.js:132:14)
      at refreshToken (src/controllers/auth.controller.ts:99:5)

    console.log
      {"timestamp":"2026-06-26T07:51:39.829Z","level":"INFO","message":"Token refreshed 
successfully","data":{"userId":"2a774941-ce39-4377-8632-b6aacf6b6818"}}

      at Logger.log (src/utils/logger.ts:77:17)

    console.warn
      {"timestamp":"2026-06-26T07:51:39.876Z","level":"WARN","message":"Invalid or expired refresh token"}

    [0m [90m 72 |[39m         [36mbreak[39m[33m;[39m
     [90m 73 |[39m       [36mcase[39m [33mLogLevel[39m[33m.[39m[33mWARN[39m[33m:[39m
    [31m[1m>[22m[39m[90m 74 |[39m         console[33m.[39mwarn(formattedLog)[33m;[39m
     [90m    |[39m                 [31m[1m^[22m[39m
     [90m 75 |[39m         [36mbreak[39m[33m;[39m
     [90m 76 |[39m       [36mdefault[39m[33m:[39m
     [90m 77 |[39m         console[33m.[39mlog(formattedLog)[33m;[39m[0m

      at Logger.log (src/utils/logger.ts:74:17)
      at Logger.warn (src/utils/logger.ts:90:10)
      at AuthService.refreshToken (src/services/auth.service.ts:207:14)
      at refreshToken (src/controllers/auth.controller.ts:95:20)

    console.error
      {"timestamp":"2026-06-26T07:51:39.878Z","level":"ERROR","message":"Refresh token endpoint 
error","error":{"name":"UnauthorizedError","message":"Invalid or expired refresh 
token","stack":"UnauthorizedError: Invalid or expired refresh token\n    at AuthService.refreshToken 
(D:\\property\\property-management-api\\src\\services\\auth.service.ts:208:13)\n    at refreshToken 
(D:\\property\\property-management-api\\src\\controllers\\auth.controller.ts:95:20)"}}

    [0m [90m 69 |[39m     [36mswitch[39m (level) {
     [90m 70 |
[39m       [36mcase[39m [33mLogLevel[39m[33m.[39m[33mERROR[39m[33m:[39m
    [31m[1m>[22m[39m[90m 71 |[39m         console[33m.[39merror(formattedLog)[33m;[39m
     [90m    |[39m                 [31m[1m^[22m[39m
     [90m 72 |[39m         [36mbreak[39m[33m;[39m
     [90m 73 |[39m       [36mcase[39m [33mLogLevel[39m[33m.[39m[33mWARN[39m[33m:[39m
     [90m 74 |[39m         console[33m.[39mwarn(formattedLog)[33m;[39m[0m

      at Logger.log (src/utils/logger.ts:71:17)
      at Logger.error (src/utils/logger.ts:94:10)
      at refreshToken (src/controllers/auth.controller.ts:98:12)

    console.error
      {"timestamp":"2026-06-26T07:51:39.884Z","level":"ERROR","message":"Request 
error","error":{"message":"Invalid or expired refresh token","stack":"UnauthorizedError: Invalid or expired 
refresh token\n    at AuthService.refreshToken 
(D:\\property\\property-management-api\\src\\services\\auth.service.ts:208:13)\n    at refreshToken 
(D:\\property\\property-management-api\\src\\controllers\\auth.controller.ts:95:20)"}}

    [0m [90m 69 |[39m     [36mswitch[39m (level) {
     [90m 70 |[39m       [36mcase[39m [33mLogLevel[39m[33m.[39m[33mERROR[39m[33m:[39m
    [31m[1m>[22m[39m[90m 71 |[39m         console[33m.[39merror(formattedLog)[33m;[39m
     [90m    |[39m                 [31m[1m^[22m[39m
     [90m 72 |[39m         [36mbreak[39m[33m;[39m
     [90m 73 |[39m       [36mcase[39m [33mLogLevel[39m[33m.[39m[33mWARN[39m[33m:[39m
     [90m 74 |[39m         console[33m.[39mwarn(formattedLog)[33m;[39m[0m

      at Logger.log (src/utils/logger.ts:71:17)
      at Logger.error (src/utils/logger.ts:94:10)
      at globalErrorHandler (src/middleware/errorHandler.ts:26:10)
      at Layer.handleError (node_modules/router/lib/layer.js:116:17)
      at trimPrefix (node_modules/router/index.js:340:13)
      at node_modules/router/index.js:297:9
      at processParams (node_modules/router/index.js:582:12)
      at next (node_modules/router/index.js:291:5)
      at Layer.handleError (node_modules/router/lib/layer.js:111:12)
      at trimPrefix (node_modules/router/index.js:340:13)
      at node_modules/router/index.js:297:9
      at processParams (node_modules/router/index.js:582:12)
      at next (node_modules/router/index.js:291:5)
      at node_modules/router/index.js:688:15
      at next (node_modules/router/index.js:276:14)
      at node_modules/router/index.js:688:15
      at next (node_modules/router/index.js:276:14)
      at next (node_modules/router/lib/route.js:132:14)
      at refreshToken (src/controllers/auth.controller.ts:99:5)

    console.log
      {"timestamp":"2026-06-26T07:51:40.179Z","level":"INFO","message":"Email sent 
(mock)","data":{"to":"test.user@example.com","subject":"Password Changed"}}

      at Logger.log (src/utils/logger.ts:77:17)

    console.log
      
      === EMAIL (MOCK) ===

      at EmailService.send (src/services/email.service.ts:33:15)

    console.log
      To: test.user@example.com

      at EmailService.send (src/services/email.service.ts:34:15)

    console.log
      Subject: Password Changed

      at EmailService.send (src/services/email.service.ts:35:15)

    console.log
      ---

      at EmailService.send (src/services/email.service.ts:36:15)

    console.log
      
      Password Changed
      
      Hello Test User,
      
      Your password has been successfully changed.
      
      If you did not make this change, please reset your password immediately or contact support.
      
      Best regards,
      Property Management Team

      at EmailService.send (src/services/email.service.ts:37:15)

    console.log
      ===================

      at EmailService.send (src/services/email.service.ts:38:15)

    console.log
      {"timestamp":"2026-06-26T07:51:40.183Z","level":"INFO","message":"Password changed 
successfully","data":{"userId":"2a774941-ce39-4377-8632-b6aacf6b6818"}}

      at Logger.log (src/utils/logger.ts:77:17)

    console.warn
      {"timestamp":"2026-06-26T07:51:40.333Z"
,"level":"WARN","message":"Change password failed - invalid current 
password","data":{"userId":"2a774941-ce39-4377-8632-b6aacf6b6818"}}

    [0m [90m 72 |[39m         [36mbreak[39m[33m;[39m
     [90m 73 |[39m       [36mcase[39m [33mLogLevel[39m[33m.[39m[33mWARN[39m[33m:[39m
    [31m[1m>[22m[39m[90m 74 |[39m         console[33m.[39mwarn(formattedLog)[33m;[39m
     [90m    |[39m                 [31m[1m^[22m[39m
     [90m 75 |[39m         [36mbreak[39m[33m;[39m
     [90m 76 |[39m       [36mdefault[39m[33m:[39m
     [90m 77 |[39m         console[33m.[39mlog(formattedLog)[33m;[39m[0m

      at Logger.log (src/utils/logger.ts:74:17)
      at Logger.warn (src/utils/logger.ts:90:10)
      at AuthService.changePassword (src/services/auth.service.ts:335:14)
      at changePassword (src/controllers/auth.controller.ts:184:20)

    console.error
      {"timestamp":"2026-06-26T07:51:40.334Z","level":"ERROR","message":"Change password endpoint 
error","error":{"name":"UnauthorizedError","message":"Current password is 
incorrect","stack":"UnauthorizedError: Current password is incorrect\n    at AuthService.changePassword 
(D:\\property\\property-management-api\\src\\services\\auth.service.ts:336:13)\n    at changePassword 
(D:\\property\\property-management-api\\src\\controllers\\auth.controller.ts:184:20)"}}

    [0m [90m 69 |[39m     [36mswitch[39m (level) {
     [90m 70 |[39m       [36mcase[39m [33mLogLevel[39m[33m.[39m[33mERROR[39m[33m:[39m
    [31m[1m>[22m[39m[90m 71 |[39m         console[33m.[39merror(formattedLog)[33m;[39m
     [90m    |[39m                 [31m[1m^[22m[39m
     [90m 72 |[39m         [36mbreak[39m[33m;[39m
     [90m 73 |[39m       [36mcase[39m [33mLogLevel[39m[33m.[39m[33mWARN[39m[33m:[39m
     [90m 74 |[39m         console[33m.[39mwarn(formattedLog)[33m;[39m[0m

      at Logger.log (src/utils/logger.ts:71:17)
      at Logger.error (src/utils/logger.ts:94:10)
      at changePassword (src/controllers/auth.controller.ts:191:12)

    console.error
      {"timestamp":"2026-06-26T07:51:40.335Z","level":"ERROR","message":"Request 
error","error":{"message":"Current password is incorrect","stack":"UnauthorizedError: Current password is 
incorrect\n    at AuthService.changePassword 
(D:\\property\\property-management-api\\src\\services\\auth.service.ts:336:13)\n    at changePassword 
(D:\\property\\property-management-api\\src\\controllers\\auth.controller.ts:184:20)"}}

    [0m [90m 69 |[39m     [36mswitch[39m (level) {
     [90m 70 |[39m       [36mcase[39m [33mLogLevel[39m[33m.[39m[33mERROR[39m[33m:[39m
    [31m[1m>[22m[39m[90m 71 |[39m         console[33m.[39merror(formattedLog)[33m;[39m
     [90m    |[39m                 [31m[1m^[22m[39m
     [90m 72 |[39m         [36mbreak[39m[33m;[39m
     [90m 73 |[39m       [36mcase[39m [33mLogLevel[39m[33m.[39m[33mWARN[39m[33m:[39m
     [90m 74 |[39m         console[33m.[39mwarn(formattedLog)[33m;[39m[0m

      at Logger.log (src/utils/logger.ts:71:17)
      at Logger.error (src/utils/logger.ts:94:10)
      at globalErrorHandler (src/middleware/errorHandler.ts:26:10)
      at Layer.handleError (node_modules/router/lib/layer.js:116:17)
      at trimPrefix (node_modules/router/index.js:340:13)
      at node_modules/router/index.js:297:9
      at processParams (node_modules/router/index.js:582:12)
      at next (node_modules/router/index.js:291:5)
      at Layer.handleError (node_modules/router/lib/layer.js:111:12)
      at trimPrefix (node_modules/router/index.js:340:13)
      at node_modules/router/index.js:297:9
      at processParams (node_modules/router/index.js:582:12)
      at next (node_modules/router/index.js:291:5)
      at node_modules/router/index.js:688:15
      at next (node_modules/router/index.js:276:14)
      at node_modules/router/index.js:688:15
      at next (node_modules/router/index.js:276:14)
      at next (node_modules/router/lib/route.js:132:14)
      at changePassword (src/controllers/auth.control
ler.ts:192:5)

    console.warn
      {"timestamp":"2026-06-26T07:51:40.384Z","level":"WARN","message":"Missing or invalid authorization 
header"}

    [0m [90m 72 |[39m         [36mbreak[39m[33m;[39m
     [90m 73 |[39m       [36mcase[39m [33mLogLevel[39m[33m.[39m[33mWARN[39m[33m:[39m
    [31m[1m>[22m[39m[90m 74 |[39m         console[33m.[39mwarn(formattedLog)[33m;[39m
     [90m    |[39m                 [31m[1m^[22m[39m
     [90m 75 |[39m         [36mbreak[39m[33m;[39m
     [90m 76 |[39m       [36mdefault[39m[33m:[39m
     [90m 77 |[39m         console[33m.[39mlog(formattedLog)[33m;[39m[0m

      at Logger.log (src/utils/logger.ts:74:17)
      at Logger.warn (src/utils/logger.ts:90:10)
      at requireAuth (src/middleware/auth.middleware.ts:36:14)
      at Layer.handleRequest (node_modules/router/lib/layer.js:152:17)
      at next (node_modules/router/lib/route.js:157:13)
      at Route.dispatch (node_modules/router/lib/route.js:117:3)
      at handle (node_modules/router/index.js:435:11)
      at Layer.handleRequest (node_modules/router/lib/layer.js:152:17)
      at node_modules/router/index.js:295:15
      at processParams (node_modules/router/index.js:582:12)
      at next (node_modules/router/index.js:291:5)
      at Function.handle (node_modules/router/index.js:186:3)
      at router (node_modules/router/index.js:60:12)
      at Layer.handleRequest (node_modules/router/lib/layer.js:152:17)
      at trimPrefix (node_modules/router/index.js:342:13)
      at node_modules/router/index.js:297:9
      at processParams (node_modules/router/index.js:582:12)
      at next (node_modules/router/index.js:291:5)
      at node_modules/express-rate-limit/dist/index.cjs:889:9
      at node_modules/express-rate-limit/dist/index.cjs:854:5

    console.warn
      {"timestamp":"2026-06-26T07:51:40.386Z","level":"WARN","message":"Authentication 
failed","data":{"error":"Authorization header missing or invalid"}}

    [0m [90m 72 |[39m         [36mbreak[39m[33m;[39m
     [90m 73 |[39m       [36mcase[39m [33mLogLevel[39m[33m.[39m[33mWARN[39m[33m:[39m
    [31m[1m>[22m[39m[90m 74 |[39m         console[33m.[39mwarn(formattedLog)[33m;[39m
     [90m    |[39m                 [31m[1m^[22m[39m
     [90m 75 |[39m         [36mbreak[39m[33m;[39m
     [90m 76 |[39m       [36mdefault[39m[33m:[39m
     [90m 77 |[39m         console[33m.[39mlog(formattedLog)[33m;[39m[0m

      at Logger.log (src/utils/logger.ts:74:17)
      at Logger.warn (src/utils/logger.ts:90:10)
      at requireAuth (src/middleware/auth.middleware.ts:57:12)
      at Layer.handleRequest (node_modules/router/lib/layer.js:152:17)
      at next (node_modules/router/lib/route.js:157:13)
      at Route.dispatch (node_modules/router/lib/route.js:117:3)
      at handle (node_modules/router/index.js:435:11)
      at Layer.handleRequest (node_modules/router/lib/layer.js:152:17)
      at node_modules/router/index.js:295:15
      at processParams (node_modules/router/index.js:582:12)
      at next (node_modules/router/index.js:291:5)
      at Function.handle (node_modules/router/index.js:186:3)
      at router (node_modules/router/index.js:60:12)
      at Layer.handleRequest (node_modules/router/lib/layer.js:152:17)
      at trimPrefix (node_modules/router/index.js:342:13)
      at node_modules/router/index.js:297:9
      at processParams (node_modules/router/index.js:582:12)
      at next (node_modules/router/index.js:291:5)
      at node_modules/express-rate-limit/dist/index.cjs:889:9
      at node_modules/express-rate-limit/dist/index.cjs:854:5

    console.log
      {"timestamp":"2026-06-26T07:51:40.412Z","level":"INFO","message":"Email sent 
(mock)","data":{"to":"test.user@example.com","subject":"Password Reset Request"}}

      at Logger.log (src/utils/logger.ts:77:17)

    console.log
      
      === EMAIL (MOCK) ===

      at EmailService.send (src/services/email.service.ts:33:15)

    console.log
      To: test.user@example.com

      at EmailService.send (src/services/email.servic
e.ts:34:15)

    console.log
      Subject: Password Reset Request

      at EmailService.send (src/services/email.service.ts:35:15)

    console.log
      ---

      at EmailService.send (src/services/email.service.ts:36:15)

    console.log
      
      Password Reset Request
      
      Hello Test User,
      
      You requested a password reset. Visit the link below to reset your password:
      
http://localhost:3000/reset-password?token=47cb94c43a21abb55f1202ecbfe14ee5edffd4f9f887b255c9e468756ab912c9
      
      This link will expire in 15 minutes.
      
      If you did not request this reset, please ignore this email.
      
      Best regards,
      Property Management Team

      at EmailService.send (src/services/email.service.ts:37:15)

    console.log
      ===================

      at EmailService.send (src/services/email.service.ts:38:15)

    console.log
      {"timestamp":"2026-06-26T07:51:40.416Z","level":"INFO","message":"Password reset email 
sent","data":{"userId":"2a774941-ce39-4377-8632-b6aacf6b6818"}}

      at Logger.log (src/utils/logger.ts:77:17)

    console.warn
      {"timestamp":"2026-06-26T07:51:40.429Z","level":"WARN","message":"Forgot password for non-existent 
email","data":{"email":"nonexistent@example.com"}}

    [0m [90m 72 |[39m         [36mbreak[39m[33m;[39m
     [90m 73 |[39m       [36mcase[39m [33mLogLevel[39m[33m.[39m[33mWARN[39m[33m:[39m
    [31m[1m>[22m[39m[90m 74 |[39m         console[33m.[39mwarn(formattedLog)[33m;[39m
     [90m    |[39m                 [31m[1m^[22m[39m
     [90m 75 |[39m         [36mbreak[39m[33m;[39m
     [90m 76 |[39m       [36mdefault[39m[33m:[39m
     [90m 77 |[39m         console[33m.[39mlog(formattedLog)[33m;[39m[0m

      at Logger.log (src/utils/logger.ts:74:17)
      at Logger.warn (src/utils/logger.ts:90:10)
      at AuthService.forgotPassword (src/services/auth.service.ts:256:14)
      at forgotPassword (src/controllers/auth.controller.ts:137:20)

    console.log
      {"timestamp":"2026-06-26T07:51:40.628Z","level":"INFO","message":"Password reset 
successfully","data":{"userId":"2a774941-ce39-4377-8632-b6aacf6b6818"}}

      at Logger.log (src/utils/logger.ts:77:17)

    console.log
      {"timestamp":"2026-06-26T07:51:40.775Z","level":"INFO","message":"User logged in 
successfully","data":{"userId":"2a774941-ce39-4377-8632-b6aacf6b6818"}}

      at Logger.log (src/utils/logger.ts:77:17)

    console.warn
      {"timestamp":"2026-06-26T07:51:40.796Z","level":"WARN","message":"Invalid or expired password reset 
token"}

    [0m [90m 72 |[39m         [36mbreak[39m[33m;[39m
     [90m 73 |[39m       [36mcase[39m [33mLogLevel[39m[33m.[39m[33mWARN[39m[33m:[39m
    [31m[1m>[22m[39m[90m 74 |[39m         console[33m.[39mwarn(formattedLog)[33m;[39m
     [90m    |[39m                 [31m[1m^[22m[39m
     [90m 75 |[39m         [36mbreak[39m[33m;[39m
     [90m 76 |[39m       [36mdefault[39m[33m:[39m
     [90m 77 |[39m         console[33m.[39mlog(formattedLog)[33m;[39m[0m

      at Logger.log (src/utils/logger.ts:74:17)
      at Logger.warn (src/utils/logger.ts:90:10)
      at AuthService.resetPassword (src/services/auth.service.ts:286:14)
      at resetPassword (src/controllers/auth.controller.ts:158:20)

    console.error
      {"timestamp":"2026-06-26T07:51:40.797Z","level":"ERROR","message":"Reset password endpoint 
error","error":{"name":"UnauthorizedError","message":"Invalid or expired reset 
token","stack":"UnauthorizedError: Invalid or expired reset token\n    at AuthService.resetPassword 
(D:\\property\\property-management-api\\src\\services\\auth.service.ts:287:13)\n    at resetPassword 
(D:\\property\\property-management-api\\src\\controllers\\auth.controller.ts:158:20)"}}

    [0m [90m 69 |[39m     [36mswitch[39m (level) {
     [90m 70 |[39m       [36mcase[39m [33mLogLevel[39m[33m.[39m[33mERROR[39m[33m:[39m
    [31m[1m>[22m[39m[90m 71 |[39m         console[33m.[39merror(formattedLog)[33m;[39m
     [90m    |[39m     
            [31m[1m^[22m[39m
     [90m 72 |[39m         [36mbreak[39m[33m;[39m
     [90m 73 |[39m       [36mcase[39m [33mLogLevel[39m[33m.[39m[33mWARN[39m[33m:[39m
     [90m 74 |[39m         console[33m.[39mwarn(formattedLog)[33m;[39m[0m

      at Logger.log (src/utils/logger.ts:71:17)
      at Logger.error (src/utils/logger.ts:94:10)
      at resetPassword (src/controllers/auth.controller.ts:161:12)

    console.error
      {"timestamp":"2026-06-26T07:51:40.797Z","level":"ERROR","message":"Request 
error","error":{"message":"Invalid or expired reset token","stack":"UnauthorizedError: Invalid or expired 
reset token\n    at AuthService.resetPassword 
(D:\\property\\property-management-api\\src\\services\\auth.service.ts:287:13)\n    at resetPassword 
(D:\\property\\property-management-api\\src\\controllers\\auth.controller.ts:158:20)"}}

    [0m [90m 69 |[39m     [36mswitch[39m (level) {
     [90m 70 |[39m       [36mcase[39m [33mLogLevel[39m[33m.[39m[33mERROR[39m[33m:[39m
    [31m[1m>[22m[39m[90m 71 |[39m         console[33m.[39merror(formattedLog)[33m;[39m
     [90m    |[39m                 [31m[1m^[22m[39m
     [90m 72 |[39m         [36mbreak[39m[33m;[39m
     [90m 73 |[39m       [36mcase[39m [33mLogLevel[39m[33m.[39m[33mWARN[39m[33m:[39m
     [90m 74 |[39m         console[33m.[39mwarn(formattedLog)[33m;[39m[0m

      at Logger.log (src/utils/logger.ts:71:17)
      at Logger.error (src/utils/logger.ts:94:10)
      at globalErrorHandler (src/middleware/errorHandler.ts:26:10)
      at Layer.handleError (node_modules/router/lib/layer.js:116:17)
      at trimPrefix (node_modules/router/index.js:340:13)
      at node_modules/router/index.js:297:9
      at processParams (node_modules/router/index.js:582:12)
      at next (node_modules/router/index.js:291:5)
      at Layer.handleError (node_modules/router/lib/layer.js:111:12)
      at trimPrefix (node_modules/router/index.js:340:13)
      at node_modules/router/index.js:297:9
      at processParams (node_modules/router/index.js:582:12)
      at next (node_modules/router/index.js:291:5)
      at node_modules/router/index.js:688:15
      at next (node_modules/router/index.js:276:14)
      at node_modules/router/index.js:688:15
      at next (node_modules/router/index.js:276:14)
      at next (node_modules/router/lib/route.js:132:14)
      at resetPassword (src/controllers/auth.controller.ts:162:5)

    console.warn
      {"timestamp":"2026-06-26T07:51:40.813Z","level":"WARN","message":"Invalid or expired password reset 
token"}

    [0m [90m 72 |[39m         [36mbreak[39m[33m;[39m
     [90m 73 |[39m       [36mcase[39m [33mLogLevel[39m[33m.[39m[33mWARN[39m[33m:[39m
    [31m[1m>[22m[39m[90m 74 |[39m         console[33m.[39mwarn(formattedLog)[33m;[39m
     [90m    |[39m                 [31m[1m^[22m[39m
     [90m 75 |[39m         [36mbreak[39m[33m;[39m
     [90m 76 |[39m       [36mdefault[39m[33m:[39m
     [90m 77 |[39m         console[33m.[39mlog(formattedLog)[33m;[39m[0m

      at Logger.log (src/utils/logger.ts:74:17)
      at Logger.warn (src/utils/logger.ts:90:10)
      at AuthService.resetPassword (src/services/auth.service.ts:286:14)
      at resetPassword (src/controllers/auth.controller.ts:158:20)

    console.error
      {"timestamp":"2026-06-26T07:51:40.814Z","level":"ERROR","message":"Reset password endpoint 
error","error":{"name":"UnauthorizedError","message":"Invalid or expired reset 
token","stack":"UnauthorizedError: Invalid or expired reset token\n    at AuthService.resetPassword 
(D:\\property\\property-management-api\\src\\services\\auth.service.ts:287:13)\n    at resetPassword 
(D:\\property\\property-management-api\\src\\controllers\\auth.controller.ts:158:20)"}}

    [0m [90m 69 |[39m     [36mswitch[39m (level) {
     [90m 70 |[39m       [36mcase[39m [33mLogLevel[39m[33m.[39m[33mERROR[39m[33m:[39m
    [31m[1m>[22m[39m[90m 71 |[39m         console[33m.[39merror(formattedLog)[33m;[39m
     [90m    |[39m
                 [31m[1m^[22m[39m
     [90m 72 |[39m         [36mbreak[39m[33m;[39m
     [90m 73 |[39m       [36mcase[39m [33mLogLevel[39m[33m.[39m[33mWARN[39m[33m:[39m
     [90m 74 |[39m         console[33m.[39mwarn(formattedLog)[33m;[39m[0m

      at Logger.log (src/utils/logger.ts:71:17)
      at Logger.error (src/utils/logger.ts:94:10)
      at resetPassword (src/controllers/auth.controller.ts:161:12)

    console.error
      {"timestamp":"2026-06-26T07:51:40.814Z","level":"ERROR","message":"Request 
error","error":{"message":"Invalid or expired reset token","stack":"UnauthorizedError: Invalid or expired 
reset token\n    at AuthService.resetPassword 
(D:\\property\\property-management-api\\src\\services\\auth.service.ts:287:13)\n    at resetPassword 
(D:\\property\\property-management-api\\src\\controllers\\auth.controller.ts:158:20)"}}

    [0m [90m 69 |[39m     [36mswitch[39m (level) {
     [90m 70 |[39m       [36mcase[39m [33mLogLevel[39m[33m.[39m[33mERROR[39m[33m:[39m
    [31m[1m>[22m[39m[90m 71 |[39m         console[33m.[39merror(formattedLog)[33m;[39m
     [90m    |[39m                 [31m[1m^[22m[39m
     [90m 72 |[39m         [36mbreak[39m[33m;[39m
     [90m 73 |[39m       [36mcase[39m [33mLogLevel[39m[33m.[39m[33mWARN[39m[33m:[39m
     [90m 74 |[39m         console[33m.[39mwarn(formattedLog)[33m;[39m[0m

      at Logger.log (src/utils/logger.ts:71:17)
      at Logger.error (src/utils/logger.ts:94:10)
      at globalErrorHandler (src/middleware/errorHandler.ts:26:10)
      at Layer.handleError (node_modules/router/lib/layer.js:116:17)
      at trimPrefix (node_modules/router/index.js:340:13)
      at node_modules/router/index.js:297:9
      at processParams (node_modules/router/index.js:582:12)
      at next (node_modules/router/index.js:291:5)
      at Layer.handleError (node_modules/router/lib/layer.js:111:12)
      at trimPrefix (node_modules/router/index.js:340:13)
      at node_modules/router/index.js:297:9
      at processParams (node_modules/router/index.js:582:12)
      at next (node_modules/router/index.js:291:5)
      at node_modules/router/index.js:688:15
      at next (node_modules/router/index.js:276:14)
      at node_modules/router/index.js:688:15
      at next (node_modules/router/index.js:276:14)
      at next (node_modules/router/lib/route.js:132:14)
      at resetPassword (src/controllers/auth.controller.ts:162:5)

    console.log
      {"timestamp":"2026-06-26T07:51:41.020Z","level":"INFO","message":"User logged in 
successfully","data":{"userId":"2a774941-ce39-4377-8632-b6aacf6b6818"}}

      at Logger.log (src/utils/logger.ts:77:17)

    console.log
      {"timestamp":"2026-06-26T07:51:41.047Z","level":"INFO","message":"User logged out successfully"}

      at Logger.log (src/utils/logger.ts:77:17)

    console.warn
      {"timestamp":"2026-06-26T07:51:41.069Z","level":"WARN","message":"Invalid or expired refresh token"}

    [0m [90m 72 |[39m         [36mbreak[39m[33m;[39m
     [90m 73 |[39m       [36mcase[39m [33mLogLevel[39m[33m.[39m[33mWARN[39m[33m:[39m
    [31m[1m>[22m[39m[90m 74 |[39m         console[33m.[39mwarn(formattedLog)[33m;[39m
     [90m    |[39m                 [31m[1m^[22m[39m
     [90m 75 |[39m         [36mbreak[39m[33m;[39m
     [90m 76 |[39m       [36mdefault[39m[33m:[39m
     [90m 77 |[39m         console[33m.[39mlog(formattedLog)[33m;[39m[0m

      at Logger.log (src/utils/logger.ts:74:17)
      at Logger.warn (src/utils/logger.ts:90:10)
      at AuthService.refreshToken (src/services/auth.service.ts:207:14)
      at refreshToken (src/controllers/auth.controller.ts:95:20)

    console.error
      {"timestamp":"2026-06-26T07:51:41.069Z","level":"ERROR","message":"Refresh token endpoint 
error","error":{"name":"UnauthorizedError","message":"Invalid or expired refresh 
token","stack":"UnauthorizedError: Invalid or expired refresh token\n    at AuthService.refreshToken 
(D:\\property\\property-management-api\\src\\services\\auth.service.ts
:208:13)\n    at refreshToken 
(D:\\property\\property-management-api\\src\\controllers\\auth.controller.ts:95:20)"}}

    [0m [90m 69 |[39m     [36mswitch[39m (level) {
     [90m 70 |[39m       [36mcase[39m [33mLogLevel[39m[33m.[39m[33mERROR[39m[33m:[39m
    [31m[1m>[22m[39m[90m 71 |[39m         console[33m.[39merror(formattedLog)[33m;[39m
     [90m    |[39m                 [31m[1m^[22m[39m
     [90m 72 |[39m         [36mbreak[39m[33m;[39m
     [90m 73 |[39m       [36mcase[39m [33mLogLevel[39m[33m.[39m[33mWARN[39m[33m:[39m
     [90m 74 |[39m         console[33m.[39mwarn(formattedLog)[33m;[39m[0m

      at Logger.log (src/utils/logger.ts:71:17)
      at Logger.error (src/utils/logger.ts:94:10)
      at refreshToken (src/controllers/auth.controller.ts:98:12)

    console.error
      {"timestamp":"2026-06-26T07:51:41.070Z","level":"ERROR","message":"Request 
error","error":{"message":"Invalid or expired refresh token","stack":"UnauthorizedError: Invalid or expired 
refresh token\n    at AuthService.refreshToken 
(D:\\property\\property-management-api\\src\\services\\auth.service.ts:208:13)\n    at refreshToken 
(D:\\property\\property-management-api\\src\\controllers\\auth.controller.ts:95:20)"}}

    [0m [90m 69 |[39m     [36mswitch[39m (level) {
     [90m 70 |[39m       [36mcase[39m [33mLogLevel[39m[33m.[39m[33mERROR[39m[33m:[39m
    [31m[1m>[22m[39m[90m 71 |[39m         console[33m.[39merror(formattedLog)[33m;[39m
     [90m    |[39m                 [31m[1m^[22m[39m
     [90m 72 |[39m         [36mbreak[39m[33m;[39m
     [90m 73 |[39m       [36mcase[39m [33mLogLevel[39m[33m.[39m[33mWARN[39m[33m:[39m
     [90m 74 |[39m         console[33m.[39mwarn(formattedLog)[33m;[39m[0m

      at Logger.log (src/utils/logger.ts:71:17)
      at Logger.error (src/utils/logger.ts:94:10)
      at globalErrorHandler (src/middleware/errorHandler.ts:26:10)
      at Layer.handleError (node_modules/router/lib/layer.js:116:17)
      at trimPrefix (node_modules/router/index.js:340:13)
      at node_modules/router/index.js:297:9
      at processParams (node_modules/router/index.js:582:12)
      at next (node_modules/router/index.js:291:5)
      at Layer.handleError (node_modules/router/lib/layer.js:111:12)
      at trimPrefix (node_modules/router/index.js:340:13)
      at node_modules/router/index.js:297:9
      at processParams (node_modules/router/index.js:582:12)
      at next (node_modules/router/index.js:291:5)
      at node_modules/router/index.js:688:15
      at next (node_modules/router/index.js:276:14)
      at node_modules/router/index.js:688:15
      at next (node_modules/router/index.js:276:14)
      at next (node_modules/router/lib/route.js:132:14)
      at refreshToken (src/controllers/auth.controller.ts:99:5)

    console.warn
      {"timestamp":"2026-06-26T07:51:41.082Z","level":"WARN","message":"Missing or invalid authorization 
header"}

    [0m [90m 72 |[39m         [36mbreak[39m[33m;[39m
     [90m 73 |[39m       [36mcase[39m [33mLogLevel[39m[33m.[39m[33mWARN[39m[33m:[39m
    [31m[1m>[22m[39m[90m 74 |[39m         console[33m.[39mwarn(formattedLog)[33m;[39m
     [90m    |[39m                 [31m[1m^[22m[39m
     [90m 75 |[39m         [36mbreak[39m[33m;[39m
     [90m 76 |[39m       [36mdefault[39m[33m:[39m
     [90m 77 |[39m         console[33m.[39mlog(formattedLog)[33m;[39m[0m

      at Logger.log (src/utils/logger.ts:74:17)
      at Logger.warn (src/utils/logger.ts:90:10)
      at requireAuth (src/middleware/auth.middleware.ts:36:14)
      at Layer.handleRequest (node_modules/router/lib/layer.js:152:17)
      at next (node_modules/router/lib/route.js:157:13)
      at Route.dispatch (node_modules/router/lib/route.js:117:3)
      at handle (node_modules/router/index.js:435:11)
      at Layer.handleRequest (node_modules/router/lib/layer.js:152:17)
      at node_modules/router/index.js:295:15
      at processParams (node_modules/router/index.js:582:12)
      at next (node
_modules/router/index.js:291:5)
      at Function.handle (node_modules/router/index.js:186:3)
      at router (node_modules/router/index.js:60:12)
      at Layer.handleRequest (node_modules/router/lib/layer.js:152:17)
      at trimPrefix (node_modules/router/index.js:342:13)
      at node_modules/router/index.js:297:9
      at processParams (node_modules/router/index.js:582:12)
      at next (node_modules/router/index.js:291:5)
      at node_modules/express-rate-limit/dist/index.cjs:889:9
      at node_modules/express-rate-limit/dist/index.cjs:854:5

    console.warn
      {"timestamp":"2026-06-26T07:51:41.083Z","level":"WARN","message":"Authentication 
failed","data":{"error":"Authorization header missing or invalid"}}

    [0m [90m 72 |[39m         [36mbreak[39m[33m;[39m
     [90m 73 |[39m       [36mcase[39m [33mLogLevel[39m[33m.[39m[33mWARN[39m[33m:[39m
    [31m[1m>[22m[39m[90m 74 |[39m         console[33m.[39mwarn(formattedLog)[33m;[39m
     [90m    |[39m                 [31m[1m^[22m[39m
     [90m 75 |[39m         [36mbreak[39m[33m;[39m
     [90m 76 |[39m       [36mdefault[39m[33m:[39m
     [90m 77 |[39m         console[33m.[39mlog(formattedLog)[33m;[39m[0m

      at Logger.log (src/utils/logger.ts:74:17)
      at Logger.warn (src/utils/logger.ts:90:10)
      at requireAuth (src/middleware/auth.middleware.ts:57:12)
      at Layer.handleRequest (node_modules/router/lib/layer.js:152:17)
      at next (node_modules/router/lib/route.js:157:13)
      at Route.dispatch (node_modules/router/lib/route.js:117:3)
      at handle (node_modules/router/index.js:435:11)
      at Layer.handleRequest (node_modules/router/lib/layer.js:152:17)
      at node_modules/router/index.js:295:15
      at processParams (node_modules/router/index.js:582:12)
      at next (node_modules/router/index.js:291:5)
      at Function.handle (node_modules/router/index.js:186:3)
      at router (node_modules/router/index.js:60:12)
      at Layer.handleRequest (node_modules/router/lib/layer.js:152:17)
      at trimPrefix (node_modules/router/index.js:342:13)
      at node_modules/router/index.js:297:9
      at processParams (node_modules/router/index.js:582:12)
      at next (node_modules/router/index.js:291:5)
      at node_modules/express-rate-limit/dist/index.cjs:889:9
      at node_modules/express-rate-limit/dist/index.cjs:854:5

    console.log
      {"timestamp":"2026-06-26T07:51:41.321Z","level":"INFO","message":"Creating new user and 
organization","data":{"email":"strong0.08287985931968445@example.com","organizationName":"Strong Org 
0.5790022921128855"}}

      at Logger.log (src/utils/logger.ts:77:17)

    console.log
      {"timestamp":"2026-06-26T07:51:41.344Z","level":"INFO","message":"User registered successfully","data":{
"userId":"7b95beb4-c78b-4eb7-bead-16c2cdab7513","organizationId":"e1fc1be2-cf60-494c-b8b4-5c964b792dcb"}}

      at Logger.log (src/utils/logger.ts:77:17)

    console.log
      {"timestamp":"2026-06-26T07:51:41.504Z","level":"INFO","message":"Creating new user and 
organization","data":{"email":"user+tag0.02745483860355491@example.com","organizationName":"Test Org 
0.6896110984521824"}}

      at Logger.log (src/utils/logger.ts:77:17)

    console.log
      {"timestamp":"2026-06-26T07:51:41.524Z","level":"INFO","message":"User registered successfully","data":{
"userId":"02dfe427-8ca1-4431-b322-02095792ed46","organizationId":"c66e2491-a6b7-4e7c-84a8-6d0fef0514b1"}}

      at Logger.log (src/utils/logger.ts:77:17)

    console.log
      {"timestamp":"2026-06-26T07:51:41.649Z","level":"INFO","message":"Creating new user and 
organization","data":{"email":"user.name0.6051419794604687@example.co.uk","organizationName":"Test Org 
0.8502636817787894"}}

      at Logger.log (src/utils/logger.ts:77:17)

    console.log
      {"timestamp":"2026-06-26T07:51:41.666Z","level":"INFO","message":"User registered successfully","data":{
"userId":"4b2465d5-de75-47a4-aca4-1cddde06a448","organizationId":"3686ab2d-e7a9-4d29-b040-4ec6445dbf8e"}}

      at Logger.log (src/utils/logger.ts:77:17)


FAIL src/services/__tests__/organization.service.unit.test.ts

  ΓùÅ Test suite failed to run

    [96msrc/services/__tests__/organization.service.unit.test.ts[0m:[93m5[0m:[93m37[0m - 
[91merror[0m[90m TS2307: [0mCannot find module '../../../services/organization.service' or its 
corresponding type declarations.

    [7m5[0m import { organizationService } from '../../../services/organization.service';
    [7m [0m [91m                                    ~~~~~~~~~~~~~~~~~~~~~~~~~~~~~~~~~~~~~~~~[0m
    [96msrc/services/__tests__/organization.service.unit.test.ts[0m:[93m6[0m:[93m40[0m - 
[91merror[0m[90m TS2307: [0mCannot find module '../../../repositories/organization.repository' or its 
corresponding type declarations.

    [7m6[0m import { organizationRepository } from '../../../repositories/organization.repository';
    [7m [0m [91m                                       ~~~~~~~~~~~~~~~~~~~~~~~~~~~~~~~~~~~~~~~~~~~~~~~[0m
    [96msrc/services/__tests__/organization.service.unit.test.ts[0m:[93m7[0m:[93m62[0m - 
[91merror[0m[90m TS2307: [0mCannot find module '../../../utils/errors' or its corresponding type 
declarations.

    [7m7[0m import { NotFoundError, ConflictError, ForbiddenError } from '../../../utils/errors';
    [7m [0m [91m                                                             ~~~~~~~~~~~~~~~~~~~~~~~[0m
    [96msrc/services/__tests__/organization.service.unit.test.ts[0m:[93m13[0m:[93m8[0m - 
[91merror[0m[90m TS2307: [0mCannot find module '../../../validators/organization.validators' or its 
corresponding type declarations.

    [7m13[0m } from '../../../validators/organization.validators';
    [7m  [0m [91m       ~~~~~~~~~~~~~~~~~~~~~~~~~~~~~~~~~~~~~~~~~~~~~[0m


Test Suites: 2 failed, 3 skipped, 6 passed, 8 of 11 total
Tests:       1 failed, 9 skipped, 98 passed, 108 total
Snapshots:   0 total
Time:        32.798 s
Ran all test suites.

Γùç injected env (0) from .env.test // tip: Γùê secrets for agents [www.dotenvx.com]
Jest global teardown complete
